<html>
<body>
<pre>
<h1>µVision Build Log</h1>
<h2>Tool Versions:</h2>
IDE-Version: µVision V5.25.2.0
Copyright (C) 2018 ARM Ltd and ARM Germany GmbH. All rights reserved.
License Information: TI Labor HAW Hamburg Flex license: MDK-ARM Professional: 40 user(s) (mdk_pro) Support: Nov 2018
 
Tool Versions:
Toolchain:       MDK-ARM Professional: 40 user(s)  Version: 5.25.2.0
Toolchain Path:  C:\Keil_v5\ARM\ARMCC\Bin
C Compiler:      Armcc.exe V5.06 update 6 (build 750)
Assembler:       Armasm.exe V5.06 update 6 (build 750)
Linker/Locator:  ArmLink.exe V5.06 update 6 (build 750)
Library Manager: ArmAr.exe V5.06 update 6 (build 750)
Hex Converter:   FromElf.exe V5.06 update 6 (build 750)
CPU DLL:         SARMCM3.DLL V5.25.2.0
Dialog DLL:      DCM.DLL V1.17.1.0
Target DLL:      ULP2CM3.DLL V2.209.20.0
Dialog DLL:      TCM.DLL V1.35.1.0
 
<h2>Project:</h2>
Z:\TI_Labor\Keil\_1Wire\_1Wire.uvproj
Project File Date:  12/10/2018

<h2>Output:</h2>
*** Using Compiler 'V5.06 update 6 (build 750)', folder: 'C:\Keil_v5\ARM\ARMCC\Bin'
Rebuild target 'TI-Board'
compiling assert.c...
compiling keypad.c...
compiling misc.c...
compiling timer.c...
compiling TI_Lib.c...
compiling tft.c...
assembling startup_stm32f4xx.s...
compiling stm32f4xx_dma.c...
compiling stm32f4xx_adc.c...
compiling stm32f4xx_usart.c...
compiling stm32f4xx_gpio.c...
compiling system_stm32f4xx.c...
compiling stm32f4xx_rcc.c...
compiling Retarget.c...
compiling crc.c...
general.h(26): warning:  #1-D: last line of file ends without a newline
  #endif /* HEADER_GENERAL_H_ */
crc.c: 1 warning, 0 errors
compiling Usart.c...
compiling TI_Board_ADC.c...
compiling TI_Board_IO.c...
compiling main.c...
general.h(26): warning:  #1-D: last line of file ends without a newline
  #endif /* HEADER_GENERAL_H_ */
hardwareController.h(8): warning:  #1295-D: Deprecated declaration initHardwareController - give arg types
  int initHardwareController();
hardwareController.h(10): warning:  #1295-D: Deprecated declaration readByte - give arg types
  int readByte();
hardwareController.h(15): warning:  #1-D: last line of file ends without a newline
  #endif /* HEADER_HARDWARECONTROLLER_H_ */
temperatur.h(6): warning:  #1295-D: Deprecated declaration readROM - give arg types
  int readROM();
temperatur.h(8): warning:  #1-D: last line of file ends without a newline
  #endif /* HEADER_TEMPERATUR_H_ */
HAL.h(8): warning:  #1295-D: Deprecated declaration write_1 - give arg types
  int write_1();
HAL.h(9): warning:  #1295-D: Deprecated declaration write_0 - give arg types
  int write_0();
HAL.h(10): warning:  #1295-D: Deprecated declaration readBit - give arg types
  BYTE readBit();
HAL.h(11): warning:  #1295-D: Deprecated declaration reset - give arg types
  int reset();
HAL.h(15): warning:  #1-D: last line of file ends without a newline
  #endif /* HEADER_HAL_H_ */
main.c(83): warning:  #111-D: statement is unreachable
    return 0;
main.c(55): warning:  #177-D: variable "byte1"  was declared but never referenced
  	int byte1, byte2;
main.c(55): warning:  #177-D: variable "byte2"  was declared but never referenced
  	int byte1, byte2;
main.c(56): warning:  #177-D: variable "buff"  was declared but never referenced
    BYTE buff[] = { //x^8 + x^5 + x^4 +1 = 1 0011 0001
main.c: 15 warnings, 0 errors
compiling temperatur.c...
general.h(26): warning:  #1-D: last line of file ends without a newline
  #endif /* HEADER_GENERAL_H_ */
hardwareController.h(8): warning:  #1295-D: Deprecated declaration initHardwareController - give arg types
  int initHardwareController();
hardwareController.h(10): warning:  #1295-D: Deprecated declaration readByte - give arg types
  int readByte();
hardwareController.h(15): warning:  #1-D: last line of file ends without a newline
  #endif /* HEADER_HARDWARECONTROLLER_H_ */
HAL.h(8): warning:  #1295-D: Deprecated declaration write_1 - give arg types
  int write_1();
HAL.h(9): warning:  #1295-D: Deprecated declaration write_0 - give arg types
  int write_0();
HAL.h(10): warning:  #1295-D: Deprecated declaration readBit - give arg types
  BYTE readBit();
HAL.h(11): warning:  #1295-D: Deprecated declaration reset - give arg types
  int reset();
HAL.h(15): warning:  #1-D: last line of file ends without a newline
  #endif /* HEADER_HAL_H_ */
temperatur.c(21): warning:  #68-D: integer conversion resulted in a change of sign
  		BYTE output = -1;
temperatur.c(46): warning:  #940-D: missing return statement at end of non-void function "readROM" 
  }
temperatur.c(61): warning:  #1-D: last line of file ends without a newline
  }
temperatur.c(61): warning:  #940-D: missing return statement at end of non-void function "checkBits" 
  }
temperatur.c: 13 warnings, 0 errors
compiling hardwareController.c...
general.h(26): warning:  #1-D: last line of file ends without a newline
  #endif /* HEADER_GENERAL_H_ */
hardwareController.h(8): warning:  #1295-D: Deprecated declaration initHardwareController - give arg types
  int initHardwareController();
hardwareController.h(10): warning:  #1295-D: Deprecated declaration readByte - give arg types
  int readByte();
hardwareController.h(15): warning:  #1-D: last line of file ends without a newline
  #endif /* HEADER_HARDWARECONTROLLER_H_ */
HAL.h(8): warning:  #1295-D: Deprecated declaration write_1 - give arg types
  int write_1();
HAL.h(9): warning:  #1295-D: Deprecated declaration write_0 - give arg types
  int write_0();
HAL.h(10): warning:  #1295-D: Deprecated declaration readBit - give arg types
  BYTE readBit();
HAL.h(11): warning:  #1295-D: Deprecated declaration reset - give arg types
  int reset();
HAL.h(15): warning:  #1-D: last line of file ends without a newline
  #endif /* HEADER_HAL_H_ */
hardwareController.c(47): warning:  #940-D: missing return statement at end of non-void function "initHardwareController" 
  }
hardwareController.c(60): warning:  #940-D: missing return statement at end of non-void function "setBusLow" 
  }
hardwareController.c(64): warning:  #940-D: missing return statement at end of non-void function "setBusHigh" 
  }
hardwareController.c(82): warning:  #940-D: missing return statement at end of non-void function "sendCommand" 
  }
hardwareController.c: 13 warnings, 0 errors
compiling HAL.c...
general.h(26): warning:  #1-D: last line of file ends without a newline
  #endif /* HEADER_GENERAL_H_ */
hardwareController.h(8): warning:  #1295-D: Deprecated declaration initHardwareController - give arg types
  int initHardwareController();
hardwareController.h(10): warning:  #1295-D: Deprecated declaration readByte - give arg types
  int readByte();
hardwareController.h(15): warning:  #1-D: last line of file ends without a newline
  #endif /* HEADER_HARDWARECONTROLLER_H_ */
HAL.h(8): warning:  #1295-D: Deprecated declaration write_1 - give arg types
  int write_1();
HAL.h(9): warning:  #1295-D: Deprecated declaration write_0 - give arg types
  int write_0();
HAL.h(10): warning:  #1295-D: Deprecated declaration readBit - give arg types
  BYTE readBit();
HAL.h(11): warning:  #1295-D: Deprecated declaration reset - give arg types
  int reset();
HAL.h(15): warning:  #1-D: last line of file ends without a newline
  #endif /* HEADER_HAL_H_ */
HAL.c(28): warning:  #940-D: missing return statement at end of non-void function "write_1" 
  }
HAL.c(35): warning:  #940-D: missing return statement at end of non-void function "write_0" 
  }
HAL.c(69): warning:  #1-D: last line of file ends without a newline
  }
HAL.c(69): warning:  #940-D: missing return statement at end of non-void function "wait" 
  }
HAL.c: 13 warnings, 0 errors
linking...
Program Size: Code=6578 RO-data=482 RW-data=56 ZI-data=37488  
".\Objects\_1Wire.axf" - 0 Error(s), 55 Warning(s).
Build Time Elapsed:  00:00:03
</pre>
</body>
</html>
