<html>
<body>
<pre>
<h1>µVision Build Log</h1>
<h2>Tool Versions:</h2>
IDE-Version: µVision V5.25.2.0
Copyright (C) 2018 ARM Ltd and ARM Germany GmbH. All rights reserved.
License Information: Philip Zirfass, HAW Hamburg, LIC=----
 
Tool Versions:
Toolchain:       MDK-Lite  Version: 5.25.2.0
Toolchain Path:  C:\Keil_v5\ARM\ARMCC\Bin
C Compiler:      Armcc.exe V5.06 update 6 (build 750)
Assembler:       Armasm.exe V5.06 update 6 (build 750)
Linker/Locator:  ArmLink.exe V5.06 update 6 (build 750)
Library Manager: ArmAr.exe V5.06 update 6 (build 750)
Hex Converter:   FromElf.exe V5.06 update 6 (build 750)
CPU DLL:         SARMCM3.DLL V5.25.2.0
Dialog DLL:      DARMSTM.DLL V1.68.0.0
Target DLL:      UL2CM3.DLL V1.160.12.0
Dialog DLL:      TARMSTM.DLL V1.66.0.0
 
<h2>Project:</h2>
C:\TI_Labor\_1Wire\_1Wire.uvproj
Project File Date:  12/09/2018

<h2>Output:</h2>
*** Using Compiler 'V5.06 update 6 (build 750)', folder: 'C:\Keil_v5\ARM\ARMCC\Bin'
Rebuild target 'Simulation'
compiling assert.c...
compiling keypad.c...
compiling tft.c...
compiling timer.c...
compiling TI_Lib.c...
compiling system_stm32f10x.c...
assembling startup_stm32f10x_md.s...
compiling Serial.c...
compiling Retarget.c...
compiling Getline.c...
compiling SIM_Board_IO.c...
compiling main.c...
general.h(19): warning:  #1-D: last line of file ends without a newline
  #endif /* HEADER_GENERAL_H_ */
hardwareController.h(6): warning:  #1295-D: Deprecated declaration readBit - give arg types
  int readBit();
hardwareController.h(7): warning:  #1295-D: Deprecated declaration reset - give arg types
  int reset();
hardwareController.h(9): warning:  #1-D: last line of file ends without a newline
  #endif /* HEADER_HARDWARECONTROLLER_H_ */
main.c(44): warning:  #177-D: variable "buff"  was declared but never referenced
    BYTE buff[] = { //x^8 + x^5 + x^4 +1 = 1 0011 0001
main.c: 5 warnings, 0 errors
compiling crc.c...
general.h(19): warning:  #1-D: last line of file ends without a newline
  #endif /* HEADER_GENERAL_H_ */
crc.c: 1 warning, 0 errors
compiling hardwareController.c...
general.h(19): warning:  #1-D: last line of file ends without a newline
  #endif /* HEADER_GENERAL_H_ */
hardwareController.c(30): warning:  #940-D: missing return statement at end of non-void function "initHardwareController" 
  }
hardwareController.c(34): warning:  #940-D: missing return statement at end of non-void function "setBusLow" 
  }
hardwareController.c(38): warning:  #940-D: missing return statement at end of non-void function "setBusHigh" 
  }
hardwareController.c(55): warning:  #940-D: missing return statement at end of non-void function "readBit" 
  }
hardwareController.c(75): warning:  #940-D: missing return statement at end of non-void function "wait" 
  }
hardwareController.c: 6 warnings, 0 errors
linking...
Program Size: Code=2048 RO-data=328 RW-data=48 ZI-data=36960  
".\Objects\_1Wire.axf" - 0 Error(s), 12 Warning(s).
Build Time Elapsed:  00:00:08
</pre>
</body>
</html>
