<html>
<body>
<pre>
<h1>µVision Build Log</h1>
<h2>Tool Versions:</h2>
IDE-Version: µVision V5.23.0.0
Copyright (C) 2017 ARM Ltd and ARM Germany GmbH. All rights reserved.
License Information: Philip Zirfaﬂ, HAW Hamburg, LIC=----
 
Tool Versions:
Toolchain:       MDK-Lite  Version: 5.23
Toolchain Path:  C:\Keil_v5\ARM\ARMCC\Bin
C Compiler:      Armcc.exe V5.06 update 4 (build 422)
Assembler:       Armasm.exe V5.06 update 4 (build 422)
Linker/Locator:  ArmLink.exe V5.06 update 4 (build 422)
Library Manager: ArmAr.exe V5.06 update 4 (build 422)
Hex Converter:   FromElf.exe V5.06 update 4 (build 422)
CPU DLL:         SARMCM3.DLL V5.23
Dialog DLL:      DARMSTM.DLL V1.68.0.0
Target DLL:      UL2CM3.DLL V1.159.7.0
Dialog DLL:      TARMSTM.DLL V1.66.0.0
 
<h2>Project:</h2>
C:\TI_Labor\Keil\_1Wire\_1Wire.uvproj
Project File Date:  12/19/2018

<h2>Output:</h2>
*** Using Compiler 'V5.06 update 4 (build 422)', folder: 'C:\Keil_v5\ARM\ARMCC\Bin'
Rebuild target 'Simulation'
compiling assert.c...
compiling keypad.c...
compiling timer.c...
compiling tft.c...
compiling TI_Lib.c...
assembling startup_stm32f10x_md.s...
compiling Retarget.c...
compiling system_stm32f10x.c...
compiling Getline.c...
compiling Serial.c...
compiling crc.c...
general.h(38): warning:  #1-D: last line of file ends without a newline
  #endif /* HEADER_GENERAL_H_ */
crc.c: 1 warning, 0 errors
compiling SIM_Board_IO.c...
compiling main.c...
general.h(38): warning:  #1-D: last line of file ends without a newline
  #endif /* HEADER_GENERAL_H_ */
hardwareController.h(8): warning:  #1295-D: Deprecated declaration initHardwareController - give arg types
  int initHardwareController();
hardwareController.h(10): warning:  #1295-D: Deprecated declaration readByte - give arg types
  int readByte();
hardwareController.h(19): warning:  #1-D: last line of file ends without a newline
  #endif /* HEADER_HARDWARECONTROLLER_H_ */
temperatur.h(7): warning:  #1295-D: Deprecated declaration createROM - give arg types
  ROM createROM();
temperatur.h(8): warning:  #1295-D: Deprecated declaration createSensor - give arg types
  Sensor createSensor();
temperatur.h(12): warning:  #1-D: last line of file ends without a newline
  #endif /* HEADER_TEMPERATUR_H_ */
HAL.h(8): warning:  #1295-D: Deprecated declaration write_1 - give arg types
  int write_1();
HAL.h(9): warning:  #1295-D: Deprecated declaration write_0 - give arg types
  int write_0();
HAL.h(12): warning:  #1295-D: Deprecated declaration readBit - give arg types
  BYTE readBit();
HAL.h(13): warning:  #1295-D: Deprecated declaration reset - give arg types
  int reset();
HAL.h(18): warning:  #1-D: last line of file ends without a newline
  #endif /* HEADER_HAL_H_ */
main.c(92): warning:  #111-D: statement is unreachable
    return 0;
main.c(64): warning:  #177-D: variable "byte1"  was declared but never referenced
  	int byte1, byte2;
main.c(64): warning:  #177-D: variable "byte2"  was declared but never referenced
  	int byte1, byte2;
main.c(65): warning:  #177-D: variable "buff"  was declared but never referenced
    BYTE buff[] = { //x^8 + x^5 + x^4 +1 = 1 0011 0001
main.c: 16 warnings, 0 errors
compiling hardwareController.c...
general.h(38): warning:  #1-D: last line of file ends without a newline
  #endif /* HEADER_GENERAL_H_ */
hardwareController.h(8): warning:  #1295-D: Deprecated declaration initHardwareController - give arg types
  int initHardwareController();
hardwareController.h(10): warning:  #1295-D: Deprecated declaration readByte - give arg types
  int readByte();
hardwareController.h(19): warning:  #1-D: last line of file ends without a newline
  #endif /* HEADER_HARDWARECONTROLLER_H_ */
HAL.h(8): warning:  #1295-D: Deprecated declaration write_1 - give arg types
  int write_1();
HAL.h(9): warning:  #1295-D: Deprecated declaration write_0 - give arg types
  int write_0();
HAL.h(12): warning:  #1295-D: Deprecated declaration readBit - give arg types
  BYTE readBit();
HAL.h(13): warning:  #1295-D: Deprecated declaration reset - give arg types
  int reset();
HAL.h(18): warning:  #1-D: last line of file ends without a newline
  #endif /* HEADER_HAL_H_ */
hardwareController.c(45): warning:  #940-D: missing return statement at end of non-void function "initHardwareController" 
  }
hardwareController.c(58): warning:  #940-D: missing return statement at end of non-void function "setBusLow" 
  }
hardwareController.c(62): warning:  #940-D: missing return statement at end of non-void function "setBusHigh" 
  }
hardwareController.c(81): warning:  #940-D: missing return statement at end of non-void function "sendCommand" 
  }
hardwareController.c(109): warning:  #940-D: missing return statement at end of non-void function "writeBytes" 
  }
hardwareController.c: 14 warnings, 0 errors
compiling temperatur.c...
general.h(38): warning:  #1-D: last line of file ends without a newline
  #endif /* HEADER_GENERAL_H_ */
hardwareController.h(8): warning:  #1295-D: Deprecated declaration initHardwareController - give arg types
  int initHardwareController();
hardwareController.h(10): warning:  #1295-D: Deprecated declaration readByte - give arg types
  int readByte();
hardwareController.h(19): warning:  #1-D: last line of file ends without a newline
  #endif /* HEADER_HARDWARECONTROLLER_H_ */
HAL.h(8): warning:  #1295-D: Deprecated declaration write_1 - give arg types
  int write_1();
HAL.h(9): warning:  #1295-D: Deprecated declaration write_0 - give arg types
  int write_0();
HAL.h(12): warning:  #1295-D: Deprecated declaration readBit - give arg types
  BYTE readBit();
HAL.h(13): warning:  #1295-D: Deprecated declaration reset - give arg types
  int reset();
HAL.h(18): warning:  #1-D: last line of file ends without a newline
  #endif /* HEADER_HAL_H_ */
temperatur.h(7): warning:  #1295-D: Deprecated declaration createROM - give arg types
  ROM createROM();
temperatur.h(8): warning:  #1295-D: Deprecated declaration createSensor - give arg types
  Sensor createSensor();
temperatur.h(12): warning:  #1-D: last line of file ends without a newline
  #endif /* HEADER_TEMPERATUR_H_ */
output.h(9): warning:  #1-D: last line of file ends without a newline
  #endif /* HEADER_OUTPUT_H_ */
temperatur.c(66): warning:  #68-D: integer conversion resulted in a change of sign
  		output = -1;
temperatur.c(102): warning:  #177-D: variable "i"  was declared but never referenced
  	int i = 0;
temperatur.c(130): warning:  #1-D: last line of file ends without a newline
  }
temperatur.c(130): warning:  #940-D: missing return statement at end of non-void function "checkBits" 
  }
temperatur.c: 17 warnings, 0 errors
compiling HAL.c...
general.h(38): warning:  #1-D: last line of file ends without a newline
  #endif /* HEADER_GENERAL_H_ */
hardwareController.h(8): warning:  #1295-D: Deprecated declaration initHardwareController - give arg types
  int initHardwareController();
hardwareController.h(10): warning:  #1295-D: Deprecated declaration readByte - give arg types
  int readByte();
hardwareController.h(19): warning:  #1-D: last line of file ends without a newline
  #endif /* HEADER_HARDWARECONTROLLER_H_ */
HAL.h(8): warning:  #1295-D: Deprecated declaration write_1 - give arg types
  int write_1();
HAL.h(9): warning:  #1295-D: Deprecated declaration write_0 - give arg types
  int write_0();
HAL.h(12): warning:  #1295-D: Deprecated declaration readBit - give arg types
  BYTE readBit();
HAL.h(13): warning:  #1295-D: Deprecated declaration reset - give arg types
  int reset();
HAL.h(18): warning:  #1-D: last line of file ends without a newline
  #endif /* HEADER_HAL_H_ */
HAL.c(29): warning:  #940-D: missing return statement at end of non-void function "write_1" 
  }
HAL.c(37): warning:  #940-D: missing return statement at end of non-void function "write_0" 
  }
HAL.c(121): warning:  #1-D: last line of file ends without a newline
  }
HAL.c(121): warning:  #940-D: missing return statement at end of non-void function "wait" 
  }
HAL.c: 13 warnings, 0 errors
compiling output.c...
general.h(38): warning:  #1-D: last line of file ends without a newline
  #endif /* HEADER_GENERAL_H_ */
hardwareController.h(8): warning:  #1295-D: Deprecated declaration initHardwareController - give arg types
  int initHardwareController();
hardwareController.h(10): warning:  #1295-D: Deprecated declaration readByte - give arg types
  int readByte();
hardwareController.h(19): warning:  #1-D: last line of file ends without a newline
  #endif /* HEADER_HARDWARECONTROLLER_H_ */
HAL.h(8): warning:  #1295-D: Deprecated declaration write_1 - give arg types
  int write_1();
HAL.h(9): warning:  #1295-D: Deprecated declaration write_0 - give arg types
  int write_0();
HAL.h(12): warning:  #1295-D: Deprecated declaration readBit - give arg types
  BYTE readBit();
HAL.h(13): warning:  #1295-D: Deprecated declaration reset - give arg types
  int reset();
HAL.h(18): warning:  #1-D: last line of file ends without a newline
  #endif /* HEADER_HAL_H_ */
temperatur.h(7): warning:  #1295-D: Deprecated declaration createROM - give arg types
  ROM createROM();
temperatur.h(8): warning:  #1295-D: Deprecated declaration createSensor - give arg types
  Sensor createSensor();
temperatur.h(12): warning:  #1-D: last line of file ends without a newline
  #endif /* HEADER_TEMPERATUR_H_ */
output.c(35): warning:  #1-D: last line of file ends without a newline
  }
output.c: 13 warnings, 0 errors
linking...
Program Size: Code=5328 RO-data=328 RW-data=60 ZI-data=37028  
".\Objects\_1Wire.axf" - 0 Error(s), 74 Warning(s).
Build Time Elapsed:  00:00:05
</pre>
</body>
</html>
