Component: ARM Compiler 5.06 update 6 (build 750) Tool: armlink [4d35ed]

==============================================================================

Section Cross References

    keypad.o(i.Clear_Line) refers to tft.o(i.TFT_set_window) for TFT_set_window
    keypad.o(i.Clear_Line) refers to tft.o(i.TFT_cls) for TFT_cls
    keypad.o(i.Display_value) refers to _printf_percent.o(.ARM.Collect$$_printf_percent$$00000000) for _printf_percent
    keypad.o(i.Display_value) refers to _printf_d.o(.ARM.Collect$$_printf_percent$$00000009) for _printf_d
    keypad.o(i.Display_value) refers to _printf_dec.o(.text) for _printf_int_dec
    keypad.o(i.Display_value) refers to tft.o(i.TFT_set_window) for TFT_set_window
    keypad.o(i.Display_value) refers to noretval__2snprintf.o(.text) for __2snprintf
    keypad.o(i.Display_value) refers to tft.o(i.TFT_cls) for TFT_cls
    keypad.o(i.Display_value) refers to tft.o(i.TFT_putc) for TFT_putc
    keypad.o(i.Get_Touch_Pad_Input) refers to _printf_pad.o(.text) for _printf_pre_padding
    keypad.o(i.Get_Touch_Pad_Input) refers to _printf_percent.o(.ARM.Collect$$_printf_percent$$00000000) for _printf_percent
    keypad.o(i.Get_Touch_Pad_Input) refers to _printf_x.o(.ARM.Collect$$_printf_percent$$0000000C) for _printf_x
    keypad.o(i.Get_Touch_Pad_Input) refers to _printf_hex_int.o(.text) for _printf_longlong_hex
    keypad.o(i.Get_Touch_Pad_Input) refers to tft.o(i.TFT_get_data) for TFT_get_data
    keypad.o(i.Get_Touch_Pad_Input) refers to noretval__2printf.o(.text) for __2printf
    keypad.o(i.Make_Touch_Pad) refers to tft.o(i.TFT_Init) for TFT_Init
    keypad.o(i.Make_Touch_Pad) refers to tft.o(i.TFT_cursor_off) for TFT_cursor_off
    keypad.o(i.Make_Touch_Pad) refers to tft.o(i.TFT_graphic_cls) for TFT_graphic_cls
    keypad.o(i.Make_Touch_Pad) refers to tft.o(i.TFT_touch_area_clear) for TFT_touch_area_clear
    keypad.o(i.Make_Touch_Pad) refers to tft.o(i.TFT_set_font_color) for TFT_set_font_color
    keypad.o(i.Make_Touch_Pad) refers to tft.o(i.TFT_set_window) for TFT_set_window
    keypad.o(i.Make_Touch_Pad) refers to tft.o(i.TFT_terminal_on) for TFT_terminal_on
    keypad.o(i.Make_Touch_Pad) refers to tft.o(i.TFT_touch_area_font_color) for TFT_touch_area_font_color
    keypad.o(i.Make_Touch_Pad) refers to tft.o(i.TFT_touch_area_font) for TFT_touch_area_font
    keypad.o(i.Make_Touch_Pad) refers to tft.o(i.TFT_touch_area_frame) for TFT_touch_area_frame
    keypad.o(i.Make_Touch_Pad) refers to tft.o(i.TFT_touch_area_color) for TFT_touch_area_color
    keypad.o(i.Make_Touch_Pad) refers to tft.o(i.TFT_touch_area) for TFT_touch_area
    tft.o(i.TFT_Init) refers to tft.o(i.TFT_terminal_on) for TFT_terminal_on
    tft.o(i.TFT_Init) refers to tft.o(i.TFT_cls) for TFT_cls
    tft.o(i.TFT_Init) refers to tft.o(i.TFT_touch_key_feedback) for TFT_touch_key_feedback
    tft.o(i.TFT_bargraph_color) refers to tft.o(i.TFT_send_data) for TFT_send_data
    tft.o(i.TFT_bargraph_define) refers to tft.o(i.TFT_send_data) for TFT_send_data
    tft.o(i.TFT_bargraph_fill_pattern) refers to tft.o(i.TFT_send_data) for TFT_send_data
    tft.o(i.TFT_bargraph_frame) refers to tft.o(i.TFT_send_data) for TFT_send_data
    tft.o(i.TFT_bargraph_value) refers to tft.o(i.TFT_send_data) for TFT_send_data
    tft.o(i.TFT_bigString) refers to tft.o(i.TFT_set_font) for TFT_set_font
    tft.o(i.TFT_bigString) refers to tft.o(i.TFT_send_data) for TFT_send_data
    tft.o(i.TFT_bigText) refers to tft.o(i.TFT_set_font) for TFT_set_font
    tft.o(i.TFT_bigText) refers to tft.o(i.TFT_send_data) for TFT_send_data
    tft.o(i.TFT_buzzer_off) refers to tft.o(i.TFT_send_data) for TFT_send_data
    tft.o(i.TFT_buzzer_on) refers to tft.o(i.TFT_send_data) for TFT_send_data
    tft.o(i.TFT_carriage_return) refers to tft.o(i.TFT_putc) for TFT_putc
    tft.o(i.TFT_cls) refers to tft.o(i.TFT_putc) for TFT_putc
    tft.o(i.TFT_cursor_off) refers to tft.o(i.TFT_send_data) for TFT_send_data
    tft.o(i.TFT_cursor_on) refers to tft.o(i.TFT_send_data) for TFT_send_data
    tft.o(i.TFT_draw_line) refers to tft.o(i.TFT_send_data) for TFT_send_data
    tft.o(i.TFT_draw_rectangle) refers to tft.o(i.TFT_send_data) for TFT_send_data
    tft.o(i.TFT_gotoxy) refers to tft.o(i.TFT_send_data) for TFT_send_data
    tft.o(i.TFT_graphic_cls) refers to tft.o(i.TFT_send_data) for TFT_send_data
    tft.o(i.TFT_graphic_puts) refers to tft.o(i.TFT_send_data) for TFT_send_data
    tft.o(i.TFT_graphic_puts_area) refers to tft.o(i.TFT_send_data) for TFT_send_data
    tft.o(i.TFT_graphic_set_point) refers to tft.o(i.TFT_send_data) for TFT_send_data
    tft.o(i.TFT_line_color) refers to tft.o(i.TFT_send_data) for TFT_send_data
    tft.o(i.TFT_newline) refers to tft.o(i.TFT_putc) for TFT_putc
    tft.o(i.TFT_putc) refers to tft.o(i.TFT_send_data) for TFT_send_data
    tft.o(i.TFT_puts) refers to strlen.o(.text) for strlen
    tft.o(i.TFT_puts) refers to tft.o(i.TFT_send_data) for TFT_send_data
[...]
    Removing stm32f4xx_rcc.o(i.RCC_LSICmd), (72 bytes).
    Removing stm32f4xx_rcc.o(i.RCC_MCO1Config), (144 bytes).
    Removing stm32f4xx_rcc.o(i.RCC_MCO2Config), (144 bytes).
    Removing stm32f4xx_rcc.o(i.RCC_PCLK1Config), (104 bytes).
    Removing stm32f4xx_rcc.o(i.RCC_PCLK2Config), (104 bytes).
    Removing stm32f4xx_rcc.o(i.RCC_PLLCmd), (72 bytes).
    Removing stm32f4xx_rcc.o(i.RCC_PLLConfig), (200 bytes).
    Removing stm32f4xx_rcc.o(i.RCC_PLLI2SCmd), (72 bytes).
    Removing stm32f4xx_rcc.o(i.RCC_PLLI2SConfig), (104 bytes).
    Removing stm32f4xx_rcc.o(i.RCC_RTCCLKCmd), (72 bytes).
    Removing stm32f4xx_rcc.o(i.RCC_RTCCLKConfig), (428 bytes).
    Removing stm32f4xx_rcc.o(i.RCC_SYSCLKConfig), (88 bytes).
    Removing stm32f4xx_rcc.o(i.RCC_WaitForHSEStartUp), (56 bytes).
    Removing stm32f4xx_gpio.o(.rev16_text), (4 bytes).
    Removing stm32f4xx_gpio.o(.revsh_text), (4 bytes).
    Removing stm32f4xx_gpio.o(i.GPIO_DeInit), (360 bytes).
    Removing stm32f4xx_gpio.o(i.GPIO_PinLockConfig), (200 bytes).
    Removing stm32f4xx_gpio.o(i.GPIO_ReadInputData), (152 bytes).
    Removing stm32f4xx_gpio.o(i.GPIO_ReadInputDataBit), (260 bytes).
    Removing stm32f4xx_gpio.o(i.GPIO_ReadOutputData), (152 bytes).
    Removing stm32f4xx_gpio.o(i.GPIO_ReadOutputDataBit), (260 bytes).
    Removing stm32f4xx_gpio.o(i.GPIO_ResetBits), (172 bytes).
    Removing stm32f4xx_gpio.o(i.GPIO_SetBits), (172 bytes).
    Removing stm32f4xx_gpio.o(i.GPIO_StructInit), (18 bytes).
    Removing stm32f4xx_gpio.o(i.GPIO_ToggleBits), (156 bytes).
    Removing stm32f4xx_gpio.o(i.GPIO_Write), (152 bytes).
    Removing stm32f4xx_gpio.o(i.GPIO_WriteBit), (272 bytes).
    Removing system_stm32f4xx.o(.rev16_text), (4 bytes).
    Removing system_stm32f4xx.o(.revsh_text), (4 bytes).
    Removing retarget.o(.rev16_text), (4 bytes).
    Removing retarget.o(.revsh_text), (4 bytes).
    Removing retarget.o(i._sys_command_string), (6 bytes).
    Removing retarget.o(i.fgetc), (40 bytes).
    Removing usart.o(.rev16_text), (4 bytes).
    Removing usart.o(.revsh_text), (4 bytes).
    Removing usart.o(i.USART1_GetKey), (44 bytes).
    Removing ti_board_adc.o(.rev16_text), (4 bytes).
    Removing ti_board_adc.o(.revsh_text), (4 bytes).
    Removing ti_board_adc.o(i.ADC3_CH7_DMA_Config), (256 bytes).
    Removing ti_board_adc.o(i.getADC3ConvertedValue), (12 bytes).
    Removing ti_board_adc.o(.data), (4 bytes).
    Removing ti_board_io.o(.rev16_text), (4 bytes).
    Removing ti_board_io.o(.revsh_text), (4 bytes).
    Removing main.o(.rev16_text), (4 bytes).
    Removing main.o(.revsh_text), (4 bytes).
    Removing crc.o(i.berechneCRC), (40 bytes).
    Removing crc.o(i.gueltigeCRC), (36 bytes).
    Removing crc.o(.data), (512 bytes).
    Removing hardwarecontroller.o(.rev16_text), (4 bytes).
    Removing hardwarecontroller.o(.revsh_text), (4 bytes).
    Removing hardwarecontroller.o(i.readByte), (24 bytes).
    Removing hardwarecontroller.o(i.setGPIOPin), (12 bytes).
    Removing hardwarecontroller.o(i.writeBit), (84 bytes).
    Removing hardwarecontroller.o(i.writeByte), (14 bytes).
    Removing hardwarecontroller.o(i.writeBytes), (54 bytes).
    Removing temperatur.o(.rev16_text), (4 bytes).
    Removing temperatur.o(.revsh_text), (4 bytes).
    Removing hal.o(.rev16_text), (4 bytes).
    Removing hal.o(.revsh_text), (4 bytes).
    Removing output.o(.rev16_text), (4 bytes).
    Removing output.o(.revsh_text), (4 bytes).

233 unused section(s) (total 29382 bytes) removed from the image.

==============================================================================

Image Symbol Table

    Local Symbols

    Symbol Name                              Value     Ov Type        Size  Object(Section)

    ../clib/angel/boardlib.s                 0x00000000   Number         0  boardinit3.o ABSOLUTE
    ../clib/angel/boardlib.s                 0x00000000   Number         0  boardinit1.o ABSOLUTE
    ../clib/angel/boardlib.s                 0x00000000   Number         0  boardinit2.o ABSOLUTE
    ../clib/angel/boardlib.s                 0x00000000   Number         0  boardshut.o ABSOLUTE
    ../clib/angel/handlers.s                 0x00000000   Number         0  __scatter_zi.o ABSOLUTE
    ../clib/angel/handlers.s                 0x00000000   Number         0  __scatter_copy.o ABSOLUTE
    ../clib/angel/kernel.s                   0x00000000   Number         0  __rtentry4.o ABSOLUTE
    ../clib/angel/kernel.s                   0x00000000   Number         0  __rtentry2.o ABSOLUTE
    ../clib/angel/kernel.s                   0x00000000   Number         0  rtexit.o ABSOLUTE
    ../clib/angel/kernel.s                   0x00000000   Number         0  __rtentry.o ABSOLUTE
    ../clib/angel/kernel.s                   0x00000000   Number         0  rtexit2.o ABSOLUTE
    ../clib/angel/rt.s                       0x00000000   Number         0  aeabi_ldiv0.o ABSOLUTE
    ../clib/angel/rt.s                       0x00000000   Number         0  rt_raise.o ABSOLUTE
    ../clib/angel/rt.s                       0x00000000   Number         0  rt_div0.o ABSOLUTE
    ../clib/angel/rt.s                       0x00000000   Number         0  rt_heap_descriptor_intlibspace.o ABSOLUTE
    ../clib/angel/rt.s                       0x00000000   Number         0  rt_heap_descriptor.o ABSOLUTE
    ../clib/angel/rt.s                       0x00000000   Number         0  aeabi_ldiv0_sigfpe.o ABSOLUTE
    ../clib/angel/scatter.s                  0x00000000   Number         0  __scatter.o ABSOLUTE
    ../clib/angel/startup.s                  0x00000000   Number         0  __main.o ABSOLUTE
    ../clib/angel/sys.s                      0x00000000   Number         0  libspace.o ABSOLUTE
    ../clib/angel/sys.s                      0x00000000   Number         0  sys_stackheap_outer.o ABSOLUTE
    ../clib/angel/sys.s                      0x00000000   Number         0  mutex_dummy.o ABSOLUTE
    ../clib/armsys.c                         0x00000000   Number         0  argv_veneer.o ABSOLUTE
    ../clib/armsys.c                         0x00000000   Number         0  argv_veneer.o ABSOLUTE
    ../clib/armsys.c                         0x00000000   Number         0  _get_argv.o ABSOLUTE
    ../clib/armsys.c                         0x00000000   Number         0  _get_argv_nomalloc.o ABSOLUTE
    ../clib/armsys.c                         0x00000000   Number         0  no_argv.o ABSOLUTE
    ../clib/heap1.c                          0x00000000   Number         0  h1_init_mt.o ABSOLUTE
    ../clib/heap1.c                          0x00000000   Number         0  h1_free_mt.o ABSOLUTE
    ../clib/heap1.c                          0x00000000   Number         0  h1_extend.o ABSOLUTE
    ../clib/heap1.c                          0x00000000   Number         0  h1_extend_mt.o ABSOLUTE
    ../clib/heap1.c                          0x00000000   Number         0  h1_alloc_mt.o ABSOLUTE
    ../clib/heap1.c                          0x00000000   Number         0  h1_alloc.o ABSOLUTE
    ../clib/heap1.c                          0x00000000   Number         0  h1_final_mt.o ABSOLUTE
    ../clib/heap1.c                          0x00000000   Number         0  h1_final.o ABSOLUTE
    ../clib/heap1.c                          0x00000000   Number         0  h1_init.o ABSOLUTE
    ../clib/heap1.c                          0x00000000   Number         0  h1_free.o ABSOLUTE
    ../clib/heap2.c                          0x00000000   Number         0  heap2mt.o ABSOLUTE
    ../clib/heap2.c                          0x00000000   Number         0  heap2.o ABSOLUTE
    ../clib/heap2.c                          0x00000000   Number         0  fdtree.o ABSOLUTE
    ../clib/heapalloc.c                      0x00000000   Number         0  term_alloc.o ABSOLUTE
    ../clib/heapalloc.c                      0x00000000   Number         0  maybetermalloc2.o ABSOLUTE
    ../clib/heapalloc.c                      0x00000000   Number         0  hguard.o ABSOLUTE
    ../clib/heapalloc.c                      0x00000000   Number         0  init_alloc.o ABSOLUTE
    ../clib/heapalloc.c                      0x00000000   Number         0  free.o ABSOLUTE
    ../clib/heapalloc.c                      0x00000000   Number         0  malloc.o ABSOLUTE
    ../clib/heapalloc.c                      0x00000000   Number         0  heapstubs.o ABSOLUTE
    ../clib/heapalloc.c                      0x00000000   Number         0  maybetermalloc1.o ABSOLUTE
    ../clib/heapalloc.c                      0x00000000   Number         0  hrguard.o ABSOLUTE
    ../clib/heapalloc.c                      0x00000000   Number         0  maybetermalloc1.o ABSOLUTE
    ../clib/heapalloc.c                      0x00000000   Number         0  maybetermalloc2.o ABSOLUTE
    ../clib/heapaux.c                        0x00000000   Number         0  heapauxa.o ABSOLUTE
    ../clib/heapaux.c                        0x00000000   Number         0  heapauxi.o ABSOLUTE
    ../clib/libinit.s                        0x00000000   Number         0  libinit2.o ABSOLUTE
    ../clib/libinit.s                        0x00000000   Number         0  libinit.o ABSOLUTE
    ../clib/libinit.s                        0x00000000   Number         0  libshutdown.o ABSOLUTE
    ../clib/libinit.s                        0x00000000   Number         0  libshutdown2.o ABSOLUTE
    ../clib/longlong.s                       0x00000000   Number         0  lludivv7m.o ABSOLUTE
    ../clib/longlong.s                       0x00000000   Number         0  llshl.o ABSOLUTE
    ../clib/memcpset.s                       0x00000000   Number         0  rt_memcpy_w.o ABSOLUTE
    ../clib/misc.s                           0x00000000   Number         0  printf_stubs.o ABSOLUTE
    ../clib/printf.c                         0x00000000   Number         0  _printf_hex_int_ll_ptr.o ABSOLUTE
    ../clib/printf.c                         0x00000000   Number         0  noretval__2snprintf.o ABSOLUTE
    ../clib/printf.c                         0x00000000   Number         0  __printf.o ABSOLUTE
    ../clib/printf.c                         0x00000000   Number         0  _printf_pad.o ABSOLUTE
    ../clib/printf.c                         0x00000000   Number         0  __printf_flags.o ABSOLUTE
    ../clib/printf.c                         0x00000000   Number         0  __printf_ss.o ABSOLUTE
    ../clib/printf.c                         0x00000000   Number         0  __printf_flags_ss.o ABSOLUTE
    ../clib/printf.c                         0x00000000   Number         0  __printf_wp.o ABSOLUTE
    ../clib/printf.c                         0x00000000   Number         0  __printf_ss_wp.o ABSOLUTE
    ../clib/printf.c                         0x00000000   Number         0  _printf_dec.o ABSOLUTE
    ../clib/printf.c                         0x00000000   Number         0  _printf_hex_ll.o ABSOLUTE
    ../clib/printf.c                         0x00000000   Number         0  _printf_hex_int.o ABSOLUTE
    ../clib/printf.c                         0x00000000   Number         0  __printf_flags_ss_wp.o ABSOLUTE
    ../clib/printf.c                         0x00000000   Number         0  _printf_hex_int_ll.o ABSOLUTE
    ../clib/printf.c                         0x00000000   Number         0  _printf_hex_ptr.o ABSOLUTE
    ../clib/printf.c                         0x00000000   Number         0  _printf_hex_int_ptr.o ABSOLUTE
    ../clib/printf.c                         0x00000000   Number         0  _printf_hex_ll_ptr.o ABSOLUTE
    ../clib/printf.c                         0x00000000   Number         0  __printf_nopercent.o ABSOLUTE
    ../clib/printf.c                         0x00000000   Number         0  __2printf.o ABSOLUTE
    ../clib/printf.c                         0x00000000   Number         0  _printf_char_file.o ABSOLUTE
    ../clib/printf.c                         0x00000000   Number         0  _snputc.o ABSOLUTE
    ../clib/printf.c                         0x00000000   Number         0  _sputc.o ABSOLUTE
    ../clib/printf.c                         0x00000000   Number         0  _printf_char_common.o ABSOLUTE
    ../clib/printf.c                         0x00000000   Number         0  _printf_intcommon.o ABSOLUTE
    ../clib/printf.c                         0x00000000   Number         0  __printf_flags_wp.o ABSOLUTE
    ../clib/printf.c                         0x00000000   Number         0  __2snprintf.o ABSOLUTE
    ../clib/printf.c                         0x00000000   Number         0  noretval__2printf.o ABSOLUTE
    ../clib/printf_percent.s                 0x00000000   Number         0  _printf_x.o ABSOLUTE
    ../clib/printf_percent.s                 0x00000000   Number         0  _printf_percent_end.o ABSOLUTE
    ../clib/printf_percent.s                 0x00000000   Number         0  _printf_d.o ABSOLUTE
    ../clib/printf_percent.s                 0x00000000   Number         0  _printf_percent.o ABSOLUTE
    ../clib/signal.c                         0x00000000   Number         0  defsig_rtred_inner.o ABSOLUTE
    ../clib/signal.c                         0x00000000   Number         0  defsig_fpe_formal.o ABSOLUTE
    ../clib/signal.c                         0x00000000   Number         0  defsig_rtmem_inner.o ABSOLUTE
    ../clib/signal.c                         0x00000000   Number         0  defsig_abrt_inner.o ABSOLUTE
    ../clib/signal.c                         0x00000000   Number         0  defsig_pvfn_inner.o ABSOLUTE
    ../clib/signal.c                         0x00000000   Number         0  __raise.o ABSOLUTE
    ../clib/signal.c                         0x00000000   Number         0  defsig_general.o ABSOLUTE
    ../clib/signal.c                         0x00000000   Number         0  defsig_fpe_inner.o ABSOLUTE
    ../clib/signal.c                         0x00000000   Number         0  defsig_segv_inner.o ABSOLUTE
    ../clib/signal.c                         0x00000000   Number         0  defsig_cppl_inner.o ABSOLUTE
    ../clib/signal.c                         0x00000000   Number         0  defsig_exit.o ABSOLUTE
    ../clib/signal.c                         0x00000000   Number         0  defsig_fpe_outer.o ABSOLUTE
    ../clib/signal.c                         0x00000000   Number         0  defsig_rtmem_formal.o ABSOLUTE
    ../clib/signal.c                         0x00000000   Number         0  defsig_stak_inner.o ABSOLUTE
    ../clib/signal.c                         0x00000000   Number         0  defsig_rtmem_outer.o ABSOLUTE
    ../clib/signal.c                         0x00000000   Number         0  defsig_other.o ABSOLUTE
    ../clib/signal.s                         0x00000000   Number         0  defsig.o ABSOLUTE
    ../clib/stdlib.c                         0x00000000   Number         0  exit.o ABSOLUTE
    ../clib/string.c                         0x00000000   Number         0  strlen.o ABSOLUTE
    ../fplib/fpinit.s                        0x00000000   Number         0  fpinit.o ABSOLUTE
    HAL.c                                    0x00000000   Number         0  hal.o ABSOLUTE
    HAL.c                                    0x00000000   Number         0  hal.o ABSOLUTE
    TI_BRD_LIB\Library\TI_Lib.c              0x00000000   Number         0  ti_lib.o ABSOLUTE
    TI_BRD_LIB\Library\assert.c              0x00000000   Number         0  assert.o ABSOLUTE
    TI_BRD_LIB\Library\keypad.c              0x00000000   Number         0  keypad.o ABSOLUTE
    TI_BRD_LIB\Library\tft.c                 0x00000000   Number         0  tft.o ABSOLUTE
    TI_BRD_LIB\Library\timer.c               0x00000000   Number         0  timer.o ABSOLUTE
    TI_BRD_LIB\TI-C_Board\Retarget.c         0x00000000   Number         0  retarget.o ABSOLUTE
    TI_BRD_LIB\TI-C_Board\TI_Board_ADC.c     0x00000000   Number         0  ti_board_adc.o ABSOLUTE
    TI_BRD_LIB\TI-C_Board\TI_Board_IO.c      0x00000000   Number         0  ti_board_io.o ABSOLUTE
    TI_BRD_LIB\TI-C_Board\Usart.c            0x00000000   Number         0  usart.o ABSOLUTE
    TI_BRD_LIB\TI-C_Board\misc.c             0x00000000   Number         0  misc.o ABSOLUTE
    TI_BRD_LIB\TI-C_Board\startup_stm32f4xx.s 0x00000000   Number         0  startup_stm32f4xx.o ABSOLUTE
    TI_BRD_LIB\TI-C_Board\stm32f4xx_adc.c    0x00000000   Number         0  stm32f4xx_adc.o ABSOLUTE
    TI_BRD_LIB\TI-C_Board\stm32f4xx_dma.c    0x00000000   Number         0  stm32f4xx_dma.o ABSOLUTE
    TI_BRD_LIB\TI-C_Board\stm32f4xx_gpio.c   0x00000000   Number         0  stm32f4xx_gpio.o ABSOLUTE
    TI_BRD_LIB\TI-C_Board\stm32f4xx_rcc.c    0x00000000   Number         0  stm32f4xx_rcc.o ABSOLUTE
    TI_BRD_LIB\TI-C_Board\stm32f4xx_usart.c  0x00000000   Number         0  stm32f4xx_usart.o ABSOLUTE
    TI_BRD_LIB\TI-C_Board\system_stm32f4xx.c 0x00000000   Number         0  system_stm32f4xx.o ABSOLUTE
    TI_BRD_LIB\\Library\\TI_Lib.c            0x00000000   Number         0  ti_lib.o ABSOLUTE
    TI_BRD_LIB\\Library\\tft.c               0x00000000   Number         0  tft.o ABSOLUTE
    TI_BRD_LIB\\Library\\timer.c             0x00000000   Number         0  timer.o ABSOLUTE
    TI_BRD_LIB\\TI-C_Board\\Retarget.c       0x00000000   Number         0  retarget.o ABSOLUTE
    TI_BRD_LIB\\TI-C_Board\\TI_Board_ADC.c   0x00000000   Number         0  ti_board_adc.o ABSOLUTE
    TI_BRD_LIB\\TI-C_Board\\TI_Board_IO.c    0x00000000   Number         0  ti_board_io.o ABSOLUTE
    TI_BRD_LIB\\TI-C_Board\\Usart.c          0x00000000   Number         0  usart.o ABSOLUTE
    TI_BRD_LIB\\TI-C_Board\\misc.c           0x00000000   Number         0  misc.o ABSOLUTE
    TI_BRD_LIB\\TI-C_Board\\stm32f4xx_adc.c  0x00000000   Number         0  stm32f4xx_adc.o ABSOLUTE
    TI_BRD_LIB\\TI-C_Board\\stm32f4xx_dma.c  0x00000000   Number         0  stm32f4xx_dma.o ABSOLUTE
    TI_BRD_LIB\\TI-C_Board\\stm32f4xx_gpio.c 0x00000000   Number         0  stm32f4xx_gpio.o ABSOLUTE
    TI_BRD_LIB\\TI-C_Board\\stm32f4xx_rcc.c  0x00000000   Number         0  stm32f4xx_rcc.o ABSOLUTE
    TI_BRD_LIB\\TI-C_Board\\stm32f4xx_usart.c 0x00000000   Number         0  stm32f4xx_usart.o ABSOLUTE
    TI_BRD_LIB\\TI-C_Board\\system_stm32f4xx.c 0x00000000   Number         0  system_stm32f4xx.o ABSOLUTE
    crc.c                                    0x00000000   Number         0  crc.o ABSOLUTE
    dc.s                                     0x00000000   Number         0  dc.o ABSOLUTE
    hardwareController.c                     0x00000000   Number         0  hardwarecontroller.o ABSOLUTE
    hardwareController.c                     0x00000000   Number         0  hardwarecontroller.o ABSOLUTE
    main.c                                   0x00000000   Number         0  main.o ABSOLUTE
    main.c                                   0x00000000   Number         0  main.o ABSOLUTE
    output.c                                 0x00000000   Number         0  output.o ABSOLUTE
    output.c                                 0x00000000   Number         0  output.o ABSOLUTE
    temperatur.c                             0x00000000   Number         0  temperatur.o ABSOLUTE
    temperatur.c                             0x00000000   Number         0  temperatur.o ABSOLUTE
    RESET                                    0x08000000   Section      392  startup_stm32f4xx.o(RESET)
    !!!main                                  0x08000188   Section        8  __main.o(!!!main)
    !!!scatter                               0x08000190   Section       52  __scatter.o(!!!scatter)
    !!handler_copy                           0x080001c4   Section       26  __scatter_copy.o(!!handler_copy)
    !!handler_zi                             0x080001e0   Section       28  __scatter_zi.o(!!handler_zi)
    .ARM.Collect$$_printf_percent$$00000000  0x080001fc   Section        0  _printf_percent.o(.ARM.Collect$$_printf_percent$$00000000)
    .ARM.Collect$$_printf_percent$$00000009  0x080001fc   Section        6  _printf_d.o(.ARM.Collect$$_printf_percent$$00000009)
    .ARM.Collect$$_printf_percent$$0000000C  0x08000202   Section        6  _printf_x.o(.ARM.Collect$$_printf_percent$$0000000C)
    .ARM.Collect$$_printf_percent$$00000017  0x08000208   Section        4  _printf_percent_end.o(.ARM.Collect$$_printf_percent$$00000017)
    .ARM.Collect$$libinit$$00000000          0x0800020c   Section        2  libinit.o(.ARM.Collect$$libinit$$00000000)
    .ARM.Collect$$libinit$$00000001          0x0800020e   Section        4  libinit2.o(.ARM.Collect$$libinit$$00000001)
    .ARM.Collect$$libinit$$00000004          0x08000212   Section        0  libinit2.o(.ARM.Collect$$libinit$$00000004)
    .ARM.Collect$$libinit$$00000005          0x08000212   Section        8  libinit2.o(.ARM.Collect$$libinit$$00000005)
    .ARM.Collect$$libinit$$0000000A          0x0800021a   Section        0  libinit2.o(.ARM.Collect$$libinit$$0000000A)
    .ARM.Collect$$libinit$$0000000C          0x0800021a   Section        0  libinit2.o(.ARM.Collect$$libinit$$0000000C)
    .ARM.Collect$$libinit$$0000000E          0x0800021a   Section        0  libinit2.o(.ARM.Collect$$libinit$$0000000E)
    .ARM.Collect$$libinit$$00000011          0x0800021a   Section        0  libinit2.o(.ARM.Collect$$libinit$$00000011)
    .ARM.Collect$$libinit$$00000013          0x0800021a   Section        0  libinit2.o(.ARM.Collect$$libinit$$00000013)
    .ARM.Collect$$libinit$$00000015          0x0800021a   Section        0  libinit2.o(.ARM.Collect$$libinit$$00000015)
    .ARM.Collect$$libinit$$00000017          0x0800021a   Section        0  libinit2.o(.ARM.Collect$$libinit$$00000017)
    .ARM.Collect$$libinit$$00000019          0x0800021a   Section        0  libinit2.o(.ARM.Collect$$libinit$$00000019)
    .ARM.Collect$$libinit$$0000001B          0x0800021a   Section        0  libinit2.o(.ARM.Collect$$libinit$$0000001B)
    .ARM.Collect$$libinit$$0000001D          0x0800021a   Section        0  libinit2.o(.ARM.Collect$$libinit$$0000001D)
    .ARM.Collect$$libinit$$0000001F          0x0800021a   Section        0  libinit2.o(.ARM.Collect$$libinit$$0000001F)
    .ARM.Collect$$libinit$$00000021          0x0800021a   Section        0  libinit2.o(.ARM.Collect$$libinit$$00000021)
    .ARM.Collect$$libinit$$00000023          0x0800021a   Section        0  libinit2.o(.ARM.Collect$$libinit$$00000023)
    .ARM.Collect$$libinit$$00000025          0x0800021a   Section        0  libinit2.o(.ARM.Collect$$libinit$$00000025)
    .ARM.Collect$$libinit$$0000002C          0x0800021a   Section        0  libinit2.o(.ARM.Collect$$libinit$$0000002C)
    .ARM.Collect$$libinit$$0000002E          0x0800021a   Section        0  libinit2.o(.ARM.Collect$$libinit$$0000002E)
    .ARM.Collect$$libinit$$00000030          0x0800021a   Section        0  libinit2.o(.ARM.Collect$$libinit$$00000030)
    .ARM.Collect$$libinit$$00000032          0x0800021a   Section        0  libinit2.o(.ARM.Collect$$libinit$$00000032)
    .ARM.Collect$$libinit$$00000033          0x0800021a   Section        2  libinit2.o(.ARM.Collect$$libinit$$00000033)
    .ARM.Collect$$libshutdown$$00000000      0x0800021c   Section        2  libshutdown.o(.ARM.Collect$$libshutdown$$00000000)
    .ARM.Collect$$libshutdown$$00000002      0x0800021e   Section        0  libshutdown2.o(.ARM.Collect$$libshutdown$$00000002)
    .ARM.Collect$$libshutdown$$00000004      0x0800021e   Section        0  libshutdown2.o(.ARM.Collect$$libshutdown$$00000004)
    .ARM.Collect$$libshutdown$$00000007      0x0800021e   Section        0  libshutdown2.o(.ARM.Collect$$libshutdown$$00000007)
    .ARM.Collect$$libshutdown$$0000000A      0x0800021e   Section        0  libshutdown2.o(.ARM.Collect$$libshutdown$$0000000A)
    .ARM.Collect$$libshutdown$$0000000C      0x0800021e   Section        0  libshutdown2.o(.ARM.Collect$$libshutdown$$0000000C)
    .ARM.Collect$$libshutdown$$0000000F      0x0800021e   Section        0  libshutdown2.o(.ARM.Collect$$libshutdown$$0000000F)
    .ARM.Collect$$libshutdown$$00000010      0x0800021e   Section        2  libshutdown2.o(.ARM.Collect$$libshutdown$$00000010)
    .ARM.Collect$$rtentry$$00000000          0x08000220   Section        0  __rtentry.o(.ARM.Collect$$rtentry$$00000000)
    .ARM.Collect$$rtentry$$00000002          0x08000220   Section        0  __rtentry2.o(.ARM.Collect$$rtentry$$00000002)
    .ARM.Collect$$rtentry$$00000004          0x08000220   Section        6  __rtentry4.o(.ARM.Collect$$rtentry$$00000004)
    .ARM.Collect$$rtentry$$00000009          0x08000226   Section        0  __rtentry2.o(.ARM.Collect$$rtentry$$00000009)
    .ARM.Collect$$rtentry$$0000000A          0x08000226   Section        4  __rtentry2.o(.ARM.Collect$$rtentry$$0000000A)
    .ARM.Collect$$rtentry$$0000000C          0x0800022a   Section        0  __rtentry2.o(.ARM.Collect$$rtentry$$0000000C)
    .ARM.Collect$$rtentry$$0000000D          0x0800022a   Section        8  __rtentry2.o(.ARM.Collect$$rtentry$$0000000D)
    .ARM.Collect$$rtexit$$00000000           0x08000232   Section        2  rtexit.o(.ARM.Collect$$rtexit$$00000000)
    .ARM.Collect$$rtexit$$00000002           0x08000234   Section        0  rtexit2.o(.ARM.Collect$$rtexit$$00000002)
    .ARM.Collect$$rtexit$$00000003           0x08000234   Section        4  rtexit2.o(.ARM.Collect$$rtexit$$00000003)
    .ARM.Collect$$rtexit$$00000004           0x08000238   Section        6  rtexit2.o(.ARM.Collect$$rtexit$$00000004)
    .emb_text                                0x08000240   Section        0  maybetermalloc1.o(.emb_text)
    .text                                    0x08000240   Section       80  startup_stm32f4xx.o(.text)
    $v0                                      0x08000240   Number         0  startup_stm32f4xx.o(.text)
    .text                                    0x08000290   Section        0  h1_alloc.o(.text)
    .text                                    0x080002ee   Section      238  lludivv7m.o(.text)
    .text                                    0x080003dc   Section       38  llshl.o(.text)
    .text                                    0x08000404   Section        0  noretval__2printf.o(.text)
    .text                                    0x0800041c   Section        0  noretval__2snprintf.o(.text)
    .text                                    0x08000450   Section        0  _printf_dec.o(.text)
    .text                                    0x080004c8   Section        0  _printf_hex_int.o(.text)
    .text                                    0x08000520   Section        0  __printf_flags_wp.o(.text)
    .text                                    0x08000658   Section        0  strlen.o(.text)
    .text                                    0x08000696   Section        0  heapauxi.o(.text)
    .text                                    0x0800069c   Section        8  rt_heap_descriptor_intlibspace.o(.text)
    .text                                    0x080006a4   Section        0  hguard.o(.text)
    .text                                    0x080006a8   Section        0  init_alloc.o(.text)
    .text                                    0x08000732   Section        0  h1_init.o(.text)
    .text                                    0x08000740   Section        0  h1_free.o(.text)
    .text                                    0x0800078e   Section        0  _printf_intcommon.o(.text)
    .text                                    0x08000840   Section        0  _printf_char_common.o(.text)
    _printf_input_char                       0x08000841   Thumb Code    10  _printf_char_common.o(.text)
    .text                                    0x08000870   Section        0  _sputc.o(.text)
    .text                                    0x0800087a   Section        0  _snputc.o(.text)
    .text                                    0x0800088c   Section        0  _printf_char_file.o(.text)
    .text                                    0x080008b0   Section        8  libspace.o(.text)
    .text                                    0x080008b8   Section        0  h1_extend.o(.text)
    .text                                    0x080008ec   Section        0  defsig_rtmem_outer.o(.text)
    .text                                    0x080008fa   Section       74  sys_stackheap_outer.o(.text)
    .text                                    0x08000944   Section        0  exit.o(.text)
    .text                                    0x08000956   Section        0  defsig_exit.o(.text)
    .text                                    0x08000960   Section        0  defsig_rtmem_inner.o(.text)
    .text                                    0x080009b0   Section        0  defsig_general.o(.text)
    i.Delay                                  0x080009e4   Section        0  ti_lib.o(i.Delay)
    i.GPIO_Init                              0x080009fc   Section        0  stm32f4xx_gpio.o(i.GPIO_Init)
    i.GPIO_PinAFConfig                       0x08000ba0   Section        0  stm32f4xx_gpio.o(i.GPIO_PinAFConfig)
    i.Init_IO                                0x08000d40   Section        0  ti_board_io.o(i.Init_IO)
    i.Init_SPI                               0x08000dd4   Section        0  ti_board_io.o(i.Init_SPI)
    i.Init_System_Clock                      0x08000f64   Section        0  ti_board_io.o(i.Init_System_Clock)
    i.Init_TI_Board                          0x08000fd0   Section        0  ti_lib.o(i.Init_TI_Board)
    i.NVIC_Init                              0x08000ff4   Section        0  misc.o(i.NVIC_Init)
    i.NVIC_PriorityGroupConfig               0x080010c4   Section        0  misc.o(i.NVIC_PriorityGroupConfig)
    i.RCC_AHB1PeriphClockCmd                 0x08001124   Section        0  stm32f4xx_rcc.o(i.RCC_AHB1PeriphClockCmd)
    i.RCC_APB2PeriphClockCmd                 0x0800119c   Section        0  stm32f4xx_rcc.o(i.RCC_APB2PeriphClockCmd)
    i.RCC_GetClocksFreq                      0x08001214   Section        0  stm32f4xx_rcc.o(i.RCC_GetClocksFreq)
    i.SetSysClock                            0x080012fc   Section        0  system_stm32f4xx.o(i.SetSysClock)
    SetSysClock                              0x080012fd   Thumb Code   220  system_stm32f4xx.o(i.SetSysClock)
    i.SysTick_Handler                        0x080013e8   Section        0  ti_lib.o(i.SysTick_Handler)
    i.SystemCoreClockUpdate                  0x080013f0   Section        0  system_stm32f4xx.o(i.SystemCoreClockUpdate)
    i.SystemInit                             0x080014b0   Section        0  system_stm32f4xx.o(i.SystemInit)
    i.TFT_Init                               0x08001518   Section        0  tft.o(i.TFT_Init)
    i.TFT_cls                                0x0800152c   Section        0  tft.o(i.TFT_cls)
    i.TFT_cursor_off                         0x08001536   Section        0  tft.o(i.TFT_cursor_off)
    i.TFT_gotoxy                             0x0800155a   Section        0  tft.o(i.TFT_gotoxy)
    i.TFT_putc                               0x08001588   Section        0  tft.o(i.TFT_putc)
    i.TFT_puts                               0x080015a6   Section        0  tft.o(i.TFT_puts)
    i.TFT_send_data                          0x080015bc   Section        0  tft.o(i.TFT_send_data)
    i.TFT_terminal_on                        0x080016ac   Section        0  tft.o(i.TFT_terminal_on)
    i.TFT_touch_key_feedback                 0x080016ca   Section        0  tft.o(i.TFT_touch_key_feedback)
    i.TimingDelay_Decrement                  0x08001714   Section        0  ti_lib.o(i.TimingDelay_Decrement)
    i.USART1_Buffer_Init                     0x08001738   Section        0  usart.o(i.USART1_Buffer_Init)
    i.USART1_IRQHandler                      0x0800175c   Section        0  usart.o(i.USART1_IRQHandler)
    i.USART1_Init                            0x080017f8   Section        0  usart.o(i.USART1_Init)
    i.USART1_SendChar                        0x080018c4   Section        0  usart.o(i.USART1_SendChar)
    i.USART_Cmd                              0x08001918   Section        0  stm32f4xx_usart.o(i.USART_Cmd)
    i.USART_Init                             0x080019b8   Section        0  stm32f4xx_usart.o(i.USART_Init)
    i.USART_OverSampling8Cmd                 0x08001bc4   Section        0  stm32f4xx_usart.o(i.USART_OverSampling8Cmd)
    i._is_digit                              0x08001c64   Section        0  __printf_wp.o(i._is_digit)
    i._sys_exit                              0x08001c72   Section        0  retarget.o(i._sys_exit)
    i._ttywrch                               0x08001c76   Section        0  retarget.o(i._ttywrch)
    i.assert_failed                          0x08001c8a   Section        0  assert.o(i.assert_failed)
    i.checkBits                              0x08001c8e   Section        0  temperatur.o(i.checkBits)
    checkBits                                0x08001c8f   Thumb Code    46  temperatur.o(i.checkBits)
    i.createROM                              0x08001cbc   Section        0  temperatur.o(i.createROM)
    i.createSensor                           0x08001ce8   Section        0  temperatur.o(i.createSensor)
    i.detectSensors                          0x08001d10   Section        0  temperatur.o(i.detectSensors)
    detectSensors                            0x08001d11   Thumb Code    26  temperatur.o(i.detectSensors)
    i.ferror                                 0x08001d2a   Section        0  retarget.o(i.ferror)
    i.fputc                                  0x08001d32   Section        0  retarget.o(i.fputc)
    i.getTimeStamp                           0x08001d5c   Section        0  timer.o(i.getTimeStamp)
    i.initHardwareController                 0x08001d64   Section        0  hardwarecontroller.o(i.initHardwareController)
    i.initROMList                            0x08001dc8   Section        0  temperatur.o(i.initROMList)
    i.main                                   0x08001e18   Section        0  main.o(i.main)
    i.printSensors                           0x08001e8c   Section        0  output.o(i.printSensors)
    i.readBit                                0x08001ef4   Section        0  hal.o(i.readBit)
    i.readBus                                0x08001f28   Section        0  hardwarecontroller.o(i.readBus)
    i.readDuring                             0x08001f44   Section        0  hal.o(i.readDuring)
    i.readROM                                0x08001fcc   Section        0  temperatur.o(i.readROM)
    i.reset                                  0x080020fc   Section        0  hal.o(i.reset)
    i.resetPIN                               0x08002134   Section        0  hal.o(i.resetPIN)
    i.sendCommand                            0x0800215c   Section        0  hardwarecontroller.o(i.sendCommand)
    i.setBusHigh                             0x08002190   Section        0  hardwarecontroller.o(i.setBusHigh)
    i.setBusLow                              0x0800219c   Section        0  hardwarecontroller.o(i.setBusLow)
    i.setMode                                0x080021a8   Section        0  hal.o(i.setMode)
    i.timerinit                              0x080021d4   Section        0  timer.o(i.timerinit)
    i.wait                                   0x080021fc   Section        0  hal.o(i.wait)
    i.write_0                                0x0800223c   Section        0  hal.o(i.write_0)
    i.write_1                                0x08002268   Section        0  hal.o(i.write_1)
    x$fpl$fpinit                             0x08002294   Section       10  fpinit.o(x$fpl$fpinit)
    $v0                                      0x08002294   Number         0  fpinit.o(x$fpl$fpinit)
    .constdata                               0x0800229e   Section       40  _printf_hex_int.o(.constdata)
    uc_hextab                                0x0800229e   Data          20  _printf_hex_int.o(.constdata)
    lc_hextab                                0x080022b2   Data          20  _printf_hex_int.o(.constdata)
    .constdata                               0x080022c6   Section       17  __printf_flags_wp.o(.constdata)
    maptable                                 0x080022c6   Data          17  __printf_flags_wp.o(.constdata)
    .data                                    0x20000000   Section        8  ti_lib.o(.data)
    TimingDelay                              0x20000000   Data           4  ti_lib.o(.data)
    uptime                                   0x20000004   Data           4  ti_lib.o(.data)
    .data                                    0x20000008   Section       16  stm32f4xx_rcc.o(.data)
    APBAHBPrescTable                         0x20000008   Data          16  stm32f4xx_rcc.o(.data)
    .data                                    0x20000018   Section       20  system_stm32f4xx.o(.data)
    .data                                    0x2000002c   Section        8  retarget.o(.data)
    .data                                    0x20000034   Section        4  usart.o(.data)
    tx_restart                               0x20000034   Data           4  usart.o(.data)
    .data                                    0x20000038   Section       12  temperatur.o(.data)
    .bss                                     0x20000044   Section      528  usart.o(.bss)
    rbuf                                     0x20000044   Data         264  usart.o(.bss)
    tbuf                                     0x2000014c   Data         264  usart.o(.bss)
    .bss                                     0x20000254   Section       64  temperatur.o(.bss)
    .bss                                     0x20000294   Section       96  libspace.o(.bss)
    HEAP                                     0x200002f8   Section    32768  startup_stm32f4xx.o(HEAP)
    Heap_Mem                                 0x200002f8   Data       32768  startup_stm32f4xx.o(HEAP)
    STACK                                    0x200082f8   Section     4096  startup_stm32f4xx.o(STACK)
    Stack_Mem                                0x200082f8   Data        4096  startup_stm32f4xx.o(STACK)
    __initial_sp                             0x200092f8   Data           0  startup_stm32f4xx.o(STACK)

    Global Symbols

    Symbol Name                              Value     Ov Type        Size  Object(Section)

    BuildAttributes$$THM_ISAv4$E$P$D$K$B$S$7EM$VFPi3$EXTD16$VFPS$VFMA$PE$A:L22UL41UL21$X:L11$S22US41US21$IEEE1$IW$USESV6$~STKCKD$USESV7$~SHL$OTIME$ROPI$EBA8$UX$STANDARDLIB$REQ8$PRES8$EABIv2 0x00000000   Number         0  anon$$obj.o ABSOLUTE
    __ARM_use_no_argv                        0x00000000   Number         0  main.o ABSOLUTE
    _printf_flags                            0x00000000   Number         0  printf_stubs.o ABSOLUTE
    _printf_return_value                     0x00000000   Number         0  printf_stubs.o ABSOLUTE
    _printf_sizespec                         0x00000000   Number         0  printf_stubs.o ABSOLUTE
    _printf_widthprec                        0x00000000   Number         0  printf_stubs.o ABSOLUTE
    __ARM_exceptions_init                     - Undefined Weak Reference
    __alloca_initialize                       - Undefined Weak Reference
    __arm_preinit_                            - Undefined Weak Reference
    __cpp_initialize__aeabi_                  - Undefined Weak Reference
    __cxa_finalize                            - Undefined Weak Reference
    __rt_locale                               - Undefined Weak Reference
    __sigvec_lookup                           - Undefined Weak Reference
    __user_heap_extent                        - Undefined Weak Reference
    _atexit_init                              - Undefined Weak Reference
    _call_atexit_fns                          - Undefined Weak Reference
    _clock_init                               - Undefined Weak Reference
    _fp_trap_init                             - Undefined Weak Reference
    _fp_trap_shutdown                         - Undefined Weak Reference
    _get_lc_collate                           - Undefined Weak Reference
    _get_lc_ctype                             - Undefined Weak Reference
    _get_lc_monetary                          - Undefined Weak Reference
    _get_lc_numeric                           - Undefined Weak Reference
    _get_lc_time                              - Undefined Weak Reference
    _getenv_init                              - Undefined Weak Reference
    _handle_redirection                       - Undefined Weak Reference
    _initio                                   - Undefined Weak Reference
    _mutex_acquire                            - Undefined Weak Reference
    _mutex_free                               - Undefined Weak Reference
    _mutex_release                            - Undefined Weak Reference
    _printf_truncate_signed                   - Undefined Weak Reference
    _printf_truncate_unsigned                 - Undefined Weak Reference
    _rand_init                                - Undefined Weak Reference
    _signal_finish                            - Undefined Weak Reference
    _signal_init                              - Undefined Weak Reference
    _terminateio                              - Undefined Weak Reference
    __Vectors_Size                           0x00000188   Number         0  startup_stm32f4xx.o ABSOLUTE
    __Vectors                                0x08000000   Data           4  startup_stm32f4xx.o(RESET)
    __Vectors_End                            0x08000188   Data           0  startup_stm32f4xx.o(RESET)
    __main                                   0x08000189   Thumb Code     8  __main.o(!!!main)
    __scatterload                            0x08000191   Thumb Code     0  __scatter.o(!!!scatter)
    __scatterload_rt2                        0x08000191   Thumb Code    44  __scatter.o(!!!scatter)
    __scatterload_rt2_thumb_only             0x08000191   Thumb Code     0  __scatter.o(!!!scatter)
    __scatterload_null                       0x0800019f   Thumb Code     0  __scatter.o(!!!scatter)
    __scatterload_copy                       0x080001c5   Thumb Code    26  __scatter_copy.o(!!handler_copy)
    __scatterload_zeroinit                   0x080001e1   Thumb Code    28  __scatter_zi.o(!!handler_zi)
    _printf_d                                0x080001fd   Thumb Code     0  _printf_d.o(.ARM.Collect$$_printf_percent$$00000009)
    _printf_percent                          0x080001fd   Thumb Code     0  _printf_percent.o(.ARM.Collect$$_printf_percent$$00000000)
    _printf_x                                0x08000203   Thumb Code     0  _printf_x.o(.ARM.Collect$$_printf_percent$$0000000C)
    _printf_percent_end                      0x08000209   Thumb Code     0  _printf_percent_end.o(.ARM.Collect$$_printf_percent$$00000017)
    __rt_lib_init                            0x0800020d   Thumb Code     0  libinit.o(.ARM.Collect$$libinit$$00000000)
    __rt_lib_init_fp_1                       0x0800020f   Thumb Code     0  libinit2.o(.ARM.Collect$$libinit$$00000001)
    __rt_lib_init_heap_2                     0x08000213   Thumb Code     0  libinit2.o(.ARM.Collect$$libinit$$00000005)
    __rt_lib_init_preinit_1                  0x08000213   Thumb Code     0  libinit2.o(.ARM.Collect$$libinit$$00000004)
    __rt_lib_init_alloca_1                   0x0800021b   Thumb Code     0  libinit2.o(.ARM.Collect$$libinit$$0000002E)
    __rt_lib_init_argv_1                     0x0800021b   Thumb Code     0  libinit2.o(.ARM.Collect$$libinit$$0000002C)
    __rt_lib_init_atexit_1                   0x0800021b   Thumb Code     0  libinit2.o(.ARM.Collect$$libinit$$0000001B)
    __rt_lib_init_clock_1                    0x0800021b   Thumb Code     0  libinit2.o(.ARM.Collect$$libinit$$00000021)
    __rt_lib_init_cpp_1                      0x0800021b   Thumb Code     0  libinit2.o(.ARM.Collect$$libinit$$00000032)
    __rt_lib_init_exceptions_1               0x0800021b   Thumb Code     0  libinit2.o(.ARM.Collect$$libinit$$00000030)
    __rt_lib_init_fp_trap_1                  0x0800021b   Thumb Code     0  libinit2.o(.ARM.Collect$$libinit$$0000001F)
    __rt_lib_init_getenv_1                   0x0800021b   Thumb Code     0  libinit2.o(.ARM.Collect$$libinit$$00000023)
    __rt_lib_init_heap_1                     0x0800021b   Thumb Code     0  libinit2.o(.ARM.Collect$$libinit$$0000000A)
    __rt_lib_init_lc_collate_1               0x0800021b   Thumb Code     0  libinit2.o(.ARM.Collect$$libinit$$00000011)
    __rt_lib_init_lc_ctype_1                 0x0800021b   Thumb Code     0  libinit2.o(.ARM.Collect$$libinit$$00000013)
    __rt_lib_init_lc_monetary_1              0x0800021b   Thumb Code     0  libinit2.o(.ARM.Collect$$libinit$$00000015)
    __rt_lib_init_lc_numeric_1               0x0800021b   Thumb Code     0  libinit2.o(.ARM.Collect$$libinit$$00000017)
    __rt_lib_init_lc_time_1                  0x0800021b   Thumb Code     0  libinit2.o(.ARM.Collect$$libinit$$00000019)
    __rt_lib_init_rand_1                     0x0800021b   Thumb Code     0  libinit2.o(.ARM.Collect$$libinit$$0000000E)
    __rt_lib_init_return                     0x0800021b   Thumb Code     0  libinit2.o(.ARM.Collect$$libinit$$00000033)
    __rt_lib_init_signal_1                   0x0800021b   Thumb Code     0  libinit2.o(.ARM.Collect$$libinit$$0000001D)
    __rt_lib_init_stdio_1                    0x0800021b   Thumb Code     0  libinit2.o(.ARM.Collect$$libinit$$00000025)
    __rt_lib_init_user_alloc_1               0x0800021b   Thumb Code     0  libinit2.o(.ARM.Collect$$libinit$$0000000C)
    __rt_lib_shutdown                        0x0800021d   Thumb Code     0  libshutdown.o(.ARM.Collect$$libshutdown$$00000000)
    __rt_lib_shutdown_cpp_1                  0x0800021f   Thumb Code     0  libshutdown2.o(.ARM.Collect$$libshutdown$$00000002)
    __rt_lib_shutdown_fp_trap_1              0x0800021f   Thumb Code     0  libshutdown2.o(.ARM.Collect$$libshutdown$$00000007)
    __rt_lib_shutdown_heap_1                 0x0800021f   Thumb Code     0  libshutdown2.o(.ARM.Collect$$libshutdown$$0000000F)
    __rt_lib_shutdown_return                 0x0800021f   Thumb Code     0  libshutdown2.o(.ARM.Collect$$libshutdown$$00000010)
    __rt_lib_shutdown_signal_1               0x0800021f   Thumb Code     0  libshutdown2.o(.ARM.Collect$$libshutdown$$0000000A)
    __rt_lib_shutdown_stdio_1                0x0800021f   Thumb Code     0  libshutdown2.o(.ARM.Collect$$libshutdown$$00000004)
    __rt_lib_shutdown_user_alloc_1           0x0800021f   Thumb Code     0  libshutdown2.o(.ARM.Collect$$libshutdown$$0000000C)
    __rt_entry                               0x08000221   Thumb Code     0  __rtentry.o(.ARM.Collect$$rtentry$$00000000)
    __rt_entry_presh_1                       0x08000221   Thumb Code     0  __rtentry2.o(.ARM.Collect$$rtentry$$00000002)
    __rt_entry_sh                            0x08000221   Thumb Code     0  __rtentry4.o(.ARM.Collect$$rtentry$$00000004)
    __rt_entry_li                            0x08000227   Thumb Code     0  __rtentry2.o(.ARM.Collect$$rtentry$$0000000A)
    __rt_entry_postsh_1                      0x08000227   Thumb Code     0  __rtentry2.o(.ARM.Collect$$rtentry$$00000009)
    __rt_entry_main                          0x0800022b   Thumb Code     0  __rtentry2.o(.ARM.Collect$$rtentry$$0000000D)
    __rt_entry_postli_1                      0x0800022b   Thumb Code     0  __rtentry2.o(.ARM.Collect$$rtentry$$0000000C)
    __rt_exit                                0x08000233   Thumb Code     0  rtexit.o(.ARM.Collect$$rtexit$$00000000)
    __rt_exit_ls                             0x08000235   Thumb Code     0  rtexit2.o(.ARM.Collect$$rtexit$$00000003)
    __rt_exit_prels_1                        0x08000235   Thumb Code     0  rtexit2.o(.ARM.Collect$$rtexit$$00000002)
    __rt_exit_exit                           0x08000239   Thumb Code     0  rtexit2.o(.ARM.Collect$$rtexit$$00000004)
    Reset_Handler                            0x08000241   Thumb Code    18  startup_stm32f4xx.o(.text)
    _maybe_terminate_alloc                   0x08000241   Thumb Code     0  maybetermalloc1.o(.emb_text)
    NMI_Handler                              0x08000253   Thumb Code     2  startup_stm32f4xx.o(.text)
    HardFault_Handler                        0x08000255   Thumb Code     2  startup_stm32f4xx.o(.text)
    MemManage_Handler                        0x08000257   Thumb Code     2  startup_stm32f4xx.o(.text)
    BusFault_Handler                         0x08000259   Thumb Code     2  startup_stm32f4xx.o(.text)
    UsageFault_Handler                       0x0800025b   Thumb Code     2  startup_stm32f4xx.o(.text)
    SVC_Handler                              0x0800025d   Thumb Code     2  startup_stm32f4xx.o(.text)
    DebugMon_Handler                         0x0800025f   Thumb Code     2  startup_stm32f4xx.o(.text)
    PendSV_Handler                           0x08000261   Thumb Code     2  startup_stm32f4xx.o(.text)
    ADC_IRQHandler                           0x08000265   Thumb Code     0  startup_stm32f4xx.o(.text)
    CAN1_RX0_IRQHandler                      0x08000265   Thumb Code     0  startup_stm32f4xx.o(.text)
    CAN1_RX1_IRQHandler                      0x08000265   Thumb Code     0  startup_stm32f4xx.o(.text)
    CAN1_SCE_IRQHandler                      0x08000265   Thumb Code     0  startup_stm32f4xx.o(.text)
    CAN1_TX_IRQHandler                       0x08000265   Thumb Code     0  startup_stm32f4xx.o(.text)
    CAN2_RX0_IRQHandler                      0x08000265   Thumb Code     0  startup_stm32f4xx.o(.text)
    CAN2_RX1_IRQHandler                      0x08000265   Thumb Code     0  startup_stm32f4xx.o(.text)
    CAN2_SCE_IRQHandler                      0x08000265   Thumb Code     0  startup_stm32f4xx.o(.text)
    CAN2_TX_IRQHandler                       0x08000265   Thumb Code     0  startup_stm32f4xx.o(.text)
    CRYP_IRQHandler                          0x08000265   Thumb Code     0  startup_stm32f4xx.o(.text)
    DCMI_IRQHandler                          0x08000265   Thumb Code     0  startup_stm32f4xx.o(.text)
    DMA1_Stream0_IRQHandler                  0x08000265   Thumb Code     0  startup_stm32f4xx.o(.text)
    DMA1_Stream1_IRQHandler                  0x08000265   Thumb Code     0  startup_stm32f4xx.o(.text)
    DMA1_Stream2_IRQHandler                  0x08000265   Thumb Code     0  startup_stm32f4xx.o(.text)
    DMA1_Stream3_IRQHandler                  0x08000265   Thumb Code     0  startup_stm32f4xx.o(.text)
    DMA1_Stream4_IRQHandler                  0x08000265   Thumb Code     0  startup_stm32f4xx.o(.text)
    DMA1_Stream5_IRQHandler                  0x08000265   Thumb Code     0  startup_stm32f4xx.o(.text)
    DMA1_Stream6_IRQHandler                  0x08000265   Thumb Code     0  startup_stm32f4xx.o(.text)
    DMA1_Stream7_IRQHandler                  0x08000265   Thumb Code     0  startup_stm32f4xx.o(.text)
    DMA2_Stream0_IRQHandler                  0x08000265   Thumb Code     0  startup_stm32f4xx.o(.text)
    DMA2_Stream1_IRQHandler                  0x08000265   Thumb Code     0  startup_stm32f4xx.o(.text)
    DMA2_Stream2_IRQHandler                  0x08000265   Thumb Code     0  startup_stm32f4xx.o(.text)
    DMA2_Stream3_IRQHandler                  0x08000265   Thumb Code     0  startup_stm32f4xx.o(.text)
    DMA2_Stream4_IRQHandler                  0x08000265   Thumb Code     0  startup_stm32f4xx.o(.text)
    DMA2_Stream5_IRQHandler                  0x08000265   Thumb Code     0  startup_stm32f4xx.o(.text)
    DMA2_Stream6_IRQHandler                  0x08000265   Thumb Code     0  startup_stm32f4xx.o(.text)
    DMA2_Stream7_IRQHandler                  0x08000265   Thumb Code     0  startup_stm32f4xx.o(.text)
    ETH_IRQHandler                           0x08000265   Thumb Code     0  startup_stm32f4xx.o(.text)
    ETH_WKUP_IRQHandler                      0x08000265   Thumb Code     0  startup_stm32f4xx.o(.text)
    EXTI0_IRQHandler                         0x08000265   Thumb Code     0  startup_stm32f4xx.o(.text)
    EXTI15_10_IRQHandler                     0x08000265   Thumb Code     0  startup_stm32f4xx.o(.text)
    EXTI1_IRQHandler                         0x08000265   Thumb Code     0  startup_stm32f4xx.o(.text)
    EXTI2_IRQHandler                         0x08000265   Thumb Code     0  startup_stm32f4xx.o(.text)
    EXTI3_IRQHandler                         0x08000265   Thumb Code     0  startup_stm32f4xx.o(.text)
    EXTI4_IRQHandler                         0x08000265   Thumb Code     0  startup_stm32f4xx.o(.text)
    EXTI9_5_IRQHandler                       0x08000265   Thumb Code     0  startup_stm32f4xx.o(.text)
    FLASH_IRQHandler                         0x08000265   Thumb Code     0  startup_stm32f4xx.o(.text)
    FPU_IRQHandler                           0x08000265   Thumb Code     0  startup_stm32f4xx.o(.text)
    FSMC_IRQHandler                          0x08000265   Thumb Code     0  startup_stm32f4xx.o(.text)
    HASH_RNG_IRQHandler                      0x08000265   Thumb Code     0  startup_stm32f4xx.o(.text)
    I2C1_ER_IRQHandler                       0x08000265   Thumb Code     0  startup_stm32f4xx.o(.text)
    I2C1_EV_IRQHandler                       0x08000265   Thumb Code     0  startup_stm32f4xx.o(.text)
    I2C2_ER_IRQHandler                       0x08000265   Thumb Code     0  startup_stm32f4xx.o(.text)
    I2C2_EV_IRQHandler                       0x08000265   Thumb Code     0  startup_stm32f4xx.o(.text)
    I2C3_ER_IRQHandler                       0x08000265   Thumb Code     0  startup_stm32f4xx.o(.text)
    I2C3_EV_IRQHandler                       0x08000265   Thumb Code     0  startup_stm32f4xx.o(.text)
    OTG_FS_IRQHandler                        0x08000265   Thumb Code     0  startup_stm32f4xx.o(.text)
    OTG_FS_WKUP_IRQHandler                   0x08000265   Thumb Code     0  startup_stm32f4xx.o(.text)
    OTG_HS_EP1_IN_IRQHandler                 0x08000265   Thumb Code     0  startup_stm32f4xx.o(.text)
    OTG_HS_EP1_OUT_IRQHandler                0x08000265   Thumb Code     0  startup_stm32f4xx.o(.text)
    OTG_HS_IRQHandler                        0x08000265   Thumb Code     0  startup_stm32f4xx.o(.text)
    OTG_HS_WKUP_IRQHandler                   0x08000265   Thumb Code     0  startup_stm32f4xx.o(.text)
    PVD_IRQHandler                           0x08000265   Thumb Code     0  startup_stm32f4xx.o(.text)
    RCC_IRQHandler                           0x08000265   Thumb Code     0  startup_stm32f4xx.o(.text)
    RTC_Alarm_IRQHandler                     0x08000265   Thumb Code     0  startup_stm32f4xx.o(.text)
    RTC_WKUP_IRQHandler                      0x08000265   Thumb Code     0  startup_stm32f4xx.o(.text)
    SDIO_IRQHandler                          0x08000265   Thumb Code     0  startup_stm32f4xx.o(.text)
    SPI1_IRQHandler                          0x08000265   Thumb Code     0  startup_stm32f4xx.o(.text)
    SPI2_IRQHandler                          0x08000265   Thumb Code     0  startup_stm32f4xx.o(.text)
    SPI3_IRQHandler                          0x08000265   Thumb Code     0  startup_stm32f4xx.o(.text)
    TAMP_STAMP_IRQHandler                    0x08000265   Thumb Code     0  startup_stm32f4xx.o(.text)
    TIM1_BRK_TIM9_IRQHandler                 0x08000265   Thumb Code     0  startup_stm32f4xx.o(.text)
    TIM1_CC_IRQHandler                       0x08000265   Thumb Code     0  startup_stm32f4xx.o(.text)
    TIM1_TRG_COM_TIM11_IRQHandler            0x08000265   Thumb Code     0  startup_stm32f4xx.o(.text)
    TIM1_UP_TIM10_IRQHandler                 0x08000265   Thumb Code     0  startup_stm32f4xx.o(.text)
    TIM2_IRQHandler                          0x08000265   Thumb Code     0  startup_stm32f4xx.o(.text)
    TIM3_IRQHandler                          0x08000265   Thumb Code     0  startup_stm32f4xx.o(.text)
    TIM4_IRQHandler                          0x08000265   Thumb Code     0  startup_stm32f4xx.o(.text)
    TIM5_IRQHandler                          0x08000265   Thumb Code     0  startup_stm32f4xx.o(.text)
    TIM6_DAC_IRQHandler                      0x08000265   Thumb Code     0  startup_stm32f4xx.o(.text)
    TIM7_IRQHandler                          0x08000265   Thumb Code     0  startup_stm32f4xx.o(.text)
    TIM8_BRK_TIM12_IRQHandler                0x08000265   Thumb Code     0  startup_stm32f4xx.o(.text)
    TIM8_CC_IRQHandler                       0x08000265   Thumb Code     0  startup_stm32f4xx.o(.text)
    TIM8_TRG_COM_TIM14_IRQHandler            0x08000265   Thumb Code     0  startup_stm32f4xx.o(.text)
    TIM8_UP_TIM13_IRQHandler                 0x08000265   Thumb Code     0  startup_stm32f4xx.o(.text)
    UART4_IRQHandler                         0x08000265   Thumb Code     0  startup_stm32f4xx.o(.text)
    UART5_IRQHandler                         0x08000265   Thumb Code     0  startup_stm32f4xx.o(.text)
    USART2_IRQHandler                        0x08000265   Thumb Code     0  startup_stm32f4xx.o(.text)
    USART3_IRQHandler                        0x08000265   Thumb Code     0  startup_stm32f4xx.o(.text)
    USART6_IRQHandler                        0x08000265   Thumb Code     0  startup_stm32f4xx.o(.text)
    WWDG_IRQHandler                          0x08000265   Thumb Code     0  startup_stm32f4xx.o(.text)
    __user_initial_stackheap                 0x08000269   Thumb Code     0  startup_stm32f4xx.o(.text)
    malloc                                   0x08000291   Thumb Code    94  h1_alloc.o(.text)
    __aeabi_uldivmod                         0x080002ef   Thumb Code     0  lludivv7m.o(.text)
    _ll_udiv                                 0x080002ef   Thumb Code   238  lludivv7m.o(.text)
    __aeabi_llsl                             0x080003dd   Thumb Code     0  llshl.o(.text)
    _ll_shift_l                              0x080003dd   Thumb Code    38  llshl.o(.text)
    __2printf                                0x08000405   Thumb Code    20  noretval__2printf.o(.text)
    __2snprintf                              0x0800041d   Thumb Code    48  noretval__2snprintf.o(.text)
    _printf_int_dec                          0x08000451   Thumb Code   104  _printf_dec.o(.text)
    _printf_int_hex                          0x080004c9   Thumb Code    84  _printf_hex_int.o(.text)
    _printf_longlong_hex                     0x080004c9   Thumb Code     0  _printf_hex_int.o(.text)
    __printf                                 0x08000521   Thumb Code   308  __printf_flags_wp.o(.text)
    strlen                                   0x08000659   Thumb Code    62  strlen.o(.text)
    __use_two_region_memory                  0x08000697   Thumb Code     2  heapauxi.o(.text)
    __rt_heap_escrow                         0x08000699   Thumb Code     2  heapauxi.o(.text)
    __rt_heap_expand                         0x0800069b   Thumb Code     2  heapauxi.o(.text)
    __rt_heap_descriptor                     0x0800069d   Thumb Code     8  rt_heap_descriptor_intlibspace.o(.text)
    __use_no_heap                            0x080006a5   Thumb Code     2  hguard.o(.text)
    __heap$guard                             0x080006a7   Thumb Code     2  hguard.o(.text)
    _terminate_user_alloc                    0x080006a9   Thumb Code     2  init_alloc.o(.text)
    _init_user_alloc                         0x080006ab   Thumb Code     2  init_alloc.o(.text)
    __Heap_Full                              0x080006ad   Thumb Code    34  init_alloc.o(.text)
    __Heap_Broken                            0x080006cf   Thumb Code     6  init_alloc.o(.text)
    _init_alloc                              0x080006d5   Thumb Code    94  init_alloc.o(.text)
    __Heap_Initialize                        0x08000733   Thumb Code    10  h1_init.o(.text)
    __Heap_DescSize                          0x0800073d   Thumb Code     4  h1_init.o(.text)
    free                                     0x08000741   Thumb Code    78  h1_free.o(.text)
    _printf_int_common                       0x0800078f   Thumb Code   178  _printf_intcommon.o(.text)
    _printf_char_common                      0x0800084b   Thumb Code    32  _printf_char_common.o(.text)
    _sputc                                   0x08000871   Thumb Code    10  _sputc.o(.text)
    _snputc                                  0x0800087b   Thumb Code    16  _snputc.o(.text)
    _printf_char_file                        0x0800088d   Thumb Code    32  _printf_char_file.o(.text)
    __user_libspace                          0x080008b1   Thumb Code     8  libspace.o(.text)
    __user_perproc_libspace                  0x080008b1   Thumb Code     0  libspace.o(.text)
    __user_perthread_libspace                0x080008b1   Thumb Code     0  libspace.o(.text)
    __Heap_ProvideMemory                     0x080008b9   Thumb Code    52  h1_extend.o(.text)
    __rt_SIGRTMEM                            0x080008ed   Thumb Code    14  defsig_rtmem_outer.o(.text)
    __user_setup_stackheap                   0x080008fb   Thumb Code    74  sys_stackheap_outer.o(.text)
    exit                                     0x08000945   Thumb Code    18  exit.o(.text)
    __sig_exit                               0x08000957   Thumb Code    10  defsig_exit.o(.text)
    __rt_SIGRTMEM_inner                      0x08000961   Thumb Code    22  defsig_rtmem_inner.o(.text)
    __default_signal_display                 0x080009b1   Thumb Code    50  defsig_general.o(.text)
    Delay                                    0x080009e5   Thumb Code    20  ti_lib.o(i.Delay)
    GPIO_Init                                0x080009fd   Thumb Code   342  stm32f4xx_gpio.o(i.GPIO_Init)
    GPIO_PinAFConfig                         0x08000ba1   Thumb Code   338  stm32f4xx_gpio.o(i.GPIO_PinAFConfig)
    Init_IO                                  0x08000d41   Thumb Code   136  ti_board_io.o(i.Init_IO)
    Init_SPI                                 0x08000dd5   Thumb Code   384  ti_board_io.o(i.Init_SPI)
    Init_System_Clock                        0x08000f65   Thumb Code    94  ti_board_io.o(i.Init_System_Clock)
    Init_TI_Board                            0x08000fd1   Thumb Code    34  ti_lib.o(i.Init_TI_Board)
    NVIC_Init                                0x08000ff5   Thumb Code   164  misc.o(i.NVIC_Init)
    NVIC_PriorityGroupConfig                 0x080010c5   Thumb Code    54  misc.o(i.NVIC_PriorityGroupConfig)
    RCC_AHB1PeriphClockCmd                   0x08001125   Thumb Code    70  stm32f4xx_rcc.o(i.RCC_AHB1PeriphClockCmd)
    RCC_APB2PeriphClockCmd                   0x0800119d   Thumb Code    70  stm32f4xx_rcc.o(i.RCC_APB2PeriphClockCmd)
    RCC_GetClocksFreq                        0x08001215   Thumb Code   214  stm32f4xx_rcc.o(i.RCC_GetClocksFreq)
    SysTick_Handler                          0x080013e9   Thumb Code     8  ti_lib.o(i.SysTick_Handler)
    SystemCoreClockUpdate                    0x080013f1   Thumb Code   170  system_stm32f4xx.o(i.SystemCoreClockUpdate)
    SystemInit                               0x080014b1   Thumb Code    88  system_stm32f4xx.o(i.SystemInit)
    TFT_Init                                 0x08001519   Thumb Code    20  tft.o(i.TFT_Init)
    TFT_cls                                  0x0800152d   Thumb Code    10  tft.o(i.TFT_cls)
    TFT_cursor_off                           0x08001537   Thumb Code    36  tft.o(i.TFT_cursor_off)
    TFT_gotoxy                               0x0800155b   Thumb Code    46  tft.o(i.TFT_gotoxy)
    TFT_putc                                 0x08001589   Thumb Code    30  tft.o(i.TFT_putc)
    TFT_puts                                 0x080015a7   Thumb Code    20  tft.o(i.TFT_puts)
    TFT_send_data                            0x080015bd   Thumb Code   230  tft.o(i.TFT_send_data)
    TFT_terminal_on                          0x080016ad   Thumb Code    30  tft.o(i.TFT_terminal_on)
    TFT_touch_key_feedback                   0x080016cb   Thumb Code    72  tft.o(i.TFT_touch_key_feedback)
    TimingDelay_Decrement                    0x08001715   Thumb Code    28  ti_lib.o(i.TimingDelay_Decrement)
    USART1_Buffer_Init                       0x08001739   Thumb Code    24  usart.o(i.USART1_Buffer_Init)
    USART1_IRQHandler                        0x0800175d   Thumb Code   138  usart.o(i.USART1_IRQHandler)
    USART1_Init                              0x080017f9   Thumb Code   196  usart.o(i.USART1_Init)
    USART1_SendChar                          0x080018c5   Thumb Code    70  usart.o(i.USART1_SendChar)
    USART_Cmd                                0x08001919   Thumb Code    96  stm32f4xx_usart.o(i.USART_Cmd)
    USART_Init                               0x080019b9   Thumb Code   456  stm32f4xx_usart.o(i.USART_Init)
    USART_OverSampling8Cmd                   0x08001bc5   Thumb Code    94  stm32f4xx_usart.o(i.USART_OverSampling8Cmd)
    _is_digit                                0x08001c65   Thumb Code    14  __printf_wp.o(i._is_digit)
    _sys_exit                                0x08001c73   Thumb Code     4  retarget.o(i._sys_exit)
    _ttywrch                                 0x08001c77   Thumb Code    20  retarget.o(i._ttywrch)
    assert_failed                            0x08001c8b   Thumb Code     4  assert.o(i.assert_failed)
    createROM                                0x08001cbd   Thumb Code    42  temperatur.o(i.createROM)
    createSensor                             0x08001ce9   Thumb Code    32  temperatur.o(i.createSensor)
    ferror                                   0x08001d2b   Thumb Code     8  retarget.o(i.ferror)
    fputc                                    0x08001d33   Thumb Code    42  retarget.o(i.fputc)
    getTimeStamp                             0x08001d5d   Thumb Code     8  timer.o(i.getTimeStamp)
    initHardwareController                   0x08001d65   Thumb Code    94  hardwarecontroller.o(i.initHardwareController)
    initROMList                              0x08001dc9   Thumb Code    80  temperatur.o(i.initROMList)
    main                                     0x08001e19   Thumb Code   100  main.o(i.main)
    printSensors                             0x08001e8d   Thumb Code    76  output.o(i.printSensors)
    readBit                                  0x08001ef5   Thumb Code    48  hal.o(i.readBit)
    readBus                                  0x08001f29   Thumb Code    26  hardwarecontroller.o(i.readBus)
    readDuring                               0x08001f45   Thumb Code   132  hal.o(i.readDuring)
    readROM                                  0x08001fcd   Thumb Code   280  temperatur.o(i.readROM)
    reset                                    0x080020fd   Thumb Code    52  hal.o(i.reset)
    resetPIN                                 0x08002135   Thumb Code    34  hal.o(i.resetPIN)
    sendCommand                              0x0800215d   Thumb Code    52  hardwarecontroller.o(i.sendCommand)
    setBusHigh                               0x08002191   Thumb Code    12  hardwarecontroller.o(i.setBusHigh)
    setBusLow                                0x0800219d   Thumb Code    12  hardwarecontroller.o(i.setBusLow)
    setMode                                  0x080021a9   Thumb Code    38  hal.o(i.setMode)
    timerinit                                0x080021d5   Thumb Code    36  timer.o(i.timerinit)
    wait                                     0x080021fd   Thumb Code    62  hal.o(i.wait)
    write_0                                  0x0800223d   Thumb Code    38  hal.o(i.write_0)
    write_1                                  0x08002269   Thumb Code    38  hal.o(i.write_1)
    _fp_init                                 0x08002295   Thumb Code    10  fpinit.o(x$fpl$fpinit)
    __fplib_config_fpu_vfp                   0x0800229d   Thumb Code     0  fpinit.o(x$fpl$fpinit)
    __fplib_config_pureend_doubles           0x0800229d   Thumb Code     0  fpinit.o(x$fpl$fpinit)
    Region$$Table$$Base                      0x080022d8   Number         0  anon$$obj.o(Region$$Table)
    Region$$Table$$Limit                     0x080022f8   Number         0  anon$$obj.o(Region$$Table)
    SystemCoreClock                          0x20000018   Data           4  system_stm32f4xx.o(.data)
    AHBPrescTable                            0x2000001c   Data          16  system_stm32f4xx.o(.data)
    __stdout                                 0x2000002c   Data           4  retarget.o(.data)
    __stdin                                  0x20000030   Data           4  retarget.o(.data)
    romBits                                  0x20000038   Data           8  temperatur.o(.data)
    bit                                      0x20000040   Data           1  temperatur.o(.data)
    bitKomplement                            0x20000041   Data           1  temperatur.o(.data)
    combination                              0x20000042   Data           1  temperatur.o(.data)
    output                                   0x20000043   Data           1  temperatur.o(.data)
    bits                                     0x20000254   Data          64  temperatur.o(.bss)
    __libspace_start                         0x20000294   Data          96  libspace.o(.bss)
    __temporary_stack_top$libspace           0x200002f4   Data           0  libspace.o(.bss)



==============================================================================

Memory Map of the image

  Image Entry point : 0x08000189

  Load Region LR_IROM1 (Base: 0x08000000, Size: 0x0000233c, Max: 0x00100000, ABSOLUTE)

    Execution Region ER_IROM1 (Exec base: 0x08000000, Load base: 0x08000000, Size: 0x000022f8, Max: 0x00100000, ABSOLUTE)

    Exec Addr    Load Addr    Size         Type   Attr      Idx    E Section Name        Object

    0x08000000   0x08000000   0x00000188   Data   RO         1464    RESET               startup_stm32f4xx.o
    0x08000188   0x08000188   0x00000008   Code   RO         2086  * !!!main             c_w.l(__main.o)
    0x08000190   0x08000190   0x00000034   Code   RO         2309    !!!scatter          c_w.l(__scatter.o)
    0x080001c4   0x080001c4   0x0000001a   Code   RO         2311    !!handler_copy      c_w.l(__scatter_copy.o)
    0x080001de   0x080001de   0x00000002   PAD
    0x080001e0   0x080001e0   0x0000001c   Code   RO         2313    !!handler_zi        c_w.l(__scatter_zi.o)
    0x080001fc   0x080001fc   0x00000000   Code   RO         2081    .ARM.Collect$$_printf_percent$$00000000  c_w.l(_printf_percent.o)
    0x080001fc   0x080001fc   0x00000006   Code   RO         2080    .ARM.Collect$$_printf_percent$$00000009  c_w.l(_printf_d.o)
    0x08000202   0x08000202   0x00000006   Code   RO         2079    .ARM.Collect$$_printf_percent$$0000000C  c_w.l(_printf_x.o)
    0x08000208   0x08000208   0x00000004   Code   RO         2136    .ARM.Collect$$_printf_percent$$00000017  c_w.l(_printf_percent_end.o)
    0x0800020c   0x0800020c   0x00000002   Code   RO         2252    .ARM.Collect$$libinit$$00000000  c_w.l(libinit.o)
    0x0800020e   0x0800020e   0x00000004   Code   RO         2141    .ARM.Collect$$libinit$$00000001  c_w.l(libinit2.o)
    0x08000212   0x08000212   0x00000000   Code   RO         2144    .ARM.Collect$$libinit$$00000004  c_w.l(libinit2.o)
    0x08000212   0x08000212   0x00000008   Code   RO         2145    .ARM.Collect$$libinit$$00000005  c_w.l(libinit2.o)
    0x0800021a   0x0800021a   0x00000000   Code   RO         2147    .ARM.Collect$$libinit$$0000000A  c_w.l(libinit2.o)
    0x0800021a   0x0800021a   0x00000000   Code   RO         2149    .ARM.Collect$$libinit$$0000000C  c_w.l(libinit2.o)
    0x0800021a   0x0800021a   0x00000000   Code   RO         2151    .ARM.Collect$$libinit$$0000000E  c_w.l(libinit2.o)
    0x0800021a   0x0800021a   0x00000000   Code   RO         2154    .ARM.Collect$$libinit$$00000011  c_w.l(libinit2.o)
    0x0800021a   0x0800021a   0x00000000   Code   RO         2156    .ARM.Collect$$libinit$$00000013  c_w.l(libinit2.o)
    0x0800021a   0x0800021a   0x00000000   Code   RO         2158    .ARM.Collect$$libinit$$00000015  c_w.l(libinit2.o)
    0x0800021a   0x0800021a   0x00000000   Code   RO         2160    .ARM.Collect$$libinit$$00000017  c_w.l(libinit2.o)
    0x0800021a   0x0800021a   0x00000000   Code   RO         2162    .ARM.Collect$$libinit$$00000019  c_w.l(libinit2.o)
    0x0800021a   0x0800021a   0x00000000   Code   RO         2164    .ARM.Collect$$libinit$$0000001B  c_w.l(libinit2.o)
    0x0800021a   0x0800021a   0x00000000   Code   RO         2166    .ARM.Collect$$libinit$$0000001D  c_w.l(libinit2.o)
    0x0800021a   0x0800021a   0x00000000   Code   RO         2168    .ARM.Collect$$libinit$$0000001F  c_w.l(libinit2.o)
    0x0800021a   0x0800021a   0x00000000   Code   RO         2170    .ARM.Collect$$libinit$$00000021  c_w.l(libinit2.o)
    0x0800021a   0x0800021a   0x00000000   Code   RO         2172    .ARM.Collect$$libinit$$00000023  c_w.l(libinit2.o)
    0x0800021a   0x0800021a   0x00000000   Code   RO         2174    .ARM.Collect$$libinit$$00000025  c_w.l(libinit2.o)
    0x0800021a   0x0800021a   0x00000000   Code   RO         2178    .ARM.Collect$$libinit$$0000002C  c_w.l(libinit2.o)
    0x0800021a   0x0800021a   0x00000000   Code   RO         2180    .ARM.Collect$$libinit$$0000002E  c_w.l(libinit2.o)
    0x0800021a   0x0800021a   0x00000000   Code   RO         2182    .ARM.Collect$$libinit$$00000030  c_w.l(libinit2.o)
    0x0800021a   0x0800021a   0x00000000   Code   RO         2184    .ARM.Collect$$libinit$$00000032  c_w.l(libinit2.o)
    0x0800021a   0x0800021a   0x00000002   Code   RO         2185    .ARM.Collect$$libinit$$00000033  c_w.l(libinit2.o)
    0x0800021c   0x0800021c   0x00000002   Code   RO         2306    .ARM.Collect$$libshutdown$$00000000  c_w.l(libshutdown.o)
    0x0800021e   0x0800021e   0x00000000   Code   RO         2266    .ARM.Collect$$libshutdown$$00000002  c_w.l(libshutdown2.o)
    0x0800021e   0x0800021e   0x00000000   Code   RO         2268    .ARM.Collect$$libshutdown$$00000004  c_w.l(libshutdown2.o)
    0x0800021e   0x0800021e   0x00000000   Code   RO         2271    .ARM.Collect$$libshutdown$$00000007  c_w.l(libshutdown2.o)
    0x0800021e   0x0800021e   0x00000000   Code   RO         2274    .ARM.Collect$$libshutdown$$0000000A  c_w.l(libshutdown2.o)
    0x0800021e   0x0800021e   0x00000000   Code   RO         2276    .ARM.Collect$$libshutdown$$0000000C  c_w.l(libshutdown2.o)
    0x0800021e   0x0800021e   0x00000000   Code   RO         2279    .ARM.Collect$$libshutdown$$0000000F  c_w.l(libshutdown2.o)
    0x0800021e   0x0800021e   0x00000002   Code   RO         2280    .ARM.Collect$$libshutdown$$00000010  c_w.l(libshutdown2.o)
    0x08000220   0x08000220   0x00000000   Code   RO         2090    .ARM.Collect$$rtentry$$00000000  c_w.l(__rtentry.o)
    0x08000220   0x08000220   0x00000000   Code   RO         2190    .ARM.Collect$$rtentry$$00000002  c_w.l(__rtentry2.o)
    0x08000220   0x08000220   0x00000006   Code   RO         2202    .ARM.Collect$$rtentry$$00000004  c_w.l(__rtentry4.o)
    0x08000226   0x08000226   0x00000000   Code   RO         2192    .ARM.Collect$$rtentry$$00000009  c_w.l(__rtentry2.o)
    0x08000226   0x08000226   0x00000004   Code   RO         2193    .ARM.Collect$$rtentry$$0000000A  c_w.l(__rtentry2.o)
    0x0800022a   0x0800022a   0x00000000   Code   RO         2195    .ARM.Collect$$rtentry$$0000000C  c_w.l(__rtentry2.o)
    0x0800022a   0x0800022a   0x00000008   Code   RO         2196    .ARM.Collect$$rtentry$$0000000D  c_w.l(__rtentry2.o)
    0x08000232   0x08000232   0x00000002   Code   RO         2253    .ARM.Collect$$rtexit$$00000000  c_w.l(rtexit.o)
    0x08000234   0x08000234   0x00000000   Code   RO         2282    .ARM.Collect$$rtexit$$00000002  c_w.l(rtexit2.o)
    0x08000234   0x08000234   0x00000004   Code   RO         2283    .ARM.Collect$$rtexit$$00000003  c_w.l(rtexit2.o)
    0x08000238   0x08000238   0x00000006   Code   RO         2284    .ARM.Collect$$rtexit$$00000004  c_w.l(rtexit2.o)
    0x0800023e   0x0800023e   0x00000002   PAD
    0x08000240   0x08000240   0x00000000   Code   RO         2208    .emb_text           c_w.l(maybetermalloc1.o)
    0x08000240   0x08000240   0x00000050   Code   RO         1465    .text               startup_stm32f4xx.o
    0x08000290   0x08000290   0x0000005e   Code   RO         1966    .text               c_w.l(h1_alloc.o)
    0x080002ee   0x080002ee   0x000000ee   Code   RO         2020    .text               c_w.l(lludivv7m.o)
    0x080003dc   0x080003dc   0x00000026   Code   RO         2022    .text               c_w.l(llshl.o)
    0x08000402   0x08000402   0x00000002   PAD
    0x08000404   0x08000404   0x00000018   Code   RO         2028    .text               c_w.l(noretval__2printf.o)
    0x0800041c   0x0800041c   0x00000034   Code   RO         2030    .text               c_w.l(noretval__2snprintf.o)
    0x08000450   0x08000450   0x00000078   Code   RO         2036    .text               c_w.l(_printf_dec.o)
    0x080004c8   0x080004c8   0x00000058   Code   RO         2041    .text               c_w.l(_printf_hex_int.o)
    0x08000520   0x08000520   0x00000138   Code   RO         2071    .text               c_w.l(__printf_flags_wp.o)
    0x08000658   0x08000658   0x0000003e   Code   RO         2082    .text               c_w.l(strlen.o)
    0x08000696   0x08000696   0x00000006   Code   RO         2084    .text               c_w.l(heapauxi.o)
    0x0800069c   0x0800069c   0x00000008   Code   RO         2098    .text               c_w.l(rt_heap_descriptor_intlibspace.o)
    0x080006a4   0x080006a4   0x00000004   Code   RO         2100    .text               c_w.l(hguard.o)
    0x080006a8   0x080006a8   0x0000008a   Code   RO         2102    .text               c_w.l(init_alloc.o)
    0x08000732   0x08000732   0x0000000e   Code   RO         2108    .text               c_w.l(h1_init.o)
    0x08000740   0x08000740   0x0000004e   Code   RO         2110    .text               c_w.l(h1_free.o)
    0x0800078e   0x0800078e   0x000000b2   Code   RO         2126    .text               c_w.l(_printf_intcommon.o)
    0x08000840   0x08000840   0x00000030   Code   RO         2128    .text               c_w.l(_printf_char_common.o)
    0x08000870   0x08000870   0x0000000a   Code   RO         2130    .text               c_w.l(_sputc.o)
    0x0800087a   0x0800087a   0x00000010   Code   RO         2132    .text               c_w.l(_snputc.o)
    0x0800088a   0x0800088a   0x00000002   PAD
    0x0800088c   0x0800088c   0x00000024   Code   RO         2134    .text               c_w.l(_printf_char_file.o)
    0x080008b0   0x080008b0   0x00000008   Code   RO         2186    .text               c_w.l(libspace.o)
    0x080008b8   0x080008b8   0x00000034   Code   RO         2210    .text               c_w.l(h1_extend.o)
    0x080008ec   0x080008ec   0x0000000e   Code   RO         2216    .text               c_w.l(defsig_rtmem_outer.o)
    0x080008fa   0x080008fa   0x0000004a   Code   RO         2227    .text               c_w.l(sys_stackheap_outer.o)
    0x08000944   0x08000944   0x00000012   Code   RO         2233    .text               c_w.l(exit.o)
    0x08000956   0x08000956   0x0000000a   Code   RO         2235    .text               c_w.l(defsig_exit.o)
    0x08000960   0x08000960   0x00000050   Code   RO         2241    .text               c_w.l(defsig_rtmem_inner.o)
    0x080009b0   0x080009b0   0x00000032   Code   RO         2261    .text               c_w.l(defsig_general.o)
    0x080009e2   0x080009e2   0x00000002   PAD
    0x080009e4   0x080009e4   0x00000018   Code   RO          404    i.Delay             ti_lib.o
    0x080009fc   0x080009fc   0x000001a4   Code   RO         1364    i.GPIO_Init         stm32f4xx_gpio.o
    0x08000ba0   0x08000ba0   0x000001a0   Code   RO         1365    i.GPIO_PinAFConfig  stm32f4xx_gpio.o
    0x08000d40   0x08000d40   0x00000094   Code   RO         1656    i.Init_IO           ti_board_io.o
    0x08000dd4   0x08000dd4   0x00000190   Code   RO         1657    i.Init_SPI          ti_board_io.o
    0x08000f64   0x08000f64   0x0000006c   Code   RO         1658    i.Init_System_Clock  ti_board_io.o
    0x08000fd0   0x08000fd0   0x00000022   Code   RO          405    i.Init_TI_Board     ti_lib.o
    0x08000ff2   0x08000ff2   0x00000002   PAD
    0x08000ff4   0x08000ff4   0x000000d0   Code   RO          459    i.NVIC_Init         misc.o
    0x080010c4   0x080010c4   0x00000060   Code   RO          460    i.NVIC_PriorityGroupConfig  misc.o
    0x08001124   0x08001124   0x00000078   Code   RO         1083    i.RCC_AHB1PeriphClockCmd  stm32f4xx_rcc.o
    0x0800119c   0x0800119c   0x00000078   Code   RO         1095    i.RCC_APB2PeriphClockCmd  stm32f4xx_rcc.o
    0x08001214   0x08001214   0x000000e8   Code   RO         1104    i.RCC_GetClocksFreq  stm32f4xx_rcc.o
    0x080012fc   0x080012fc   0x000000ec   Code   RO         1471    i.SetSysClock       system_stm32f4xx.o
    0x080013e8   0x080013e8   0x00000008   Code   RO          406    i.SysTick_Handler   ti_lib.o
    0x080013f0   0x080013f0   0x000000c0   Code   RO         1472    i.SystemCoreClockUpdate  system_stm32f4xx.o
    0x080014b0   0x080014b0   0x00000068   Code   RO         1473    i.SystemInit        system_stm32f4xx.o
    0x08001518   0x08001518   0x00000014   Code   RO           63    i.TFT_Init          tft.o
    0x0800152c   0x0800152c   0x0000000a   Code   RO           74    i.TFT_cls           tft.o
    0x08001536   0x08001536   0x00000024   Code   RO           75    i.TFT_cursor_off    tft.o
    0x0800155a   0x0800155a   0x0000002e   Code   RO           80    i.TFT_gotoxy        tft.o
    0x08001588   0x08001588   0x0000001e   Code   RO           87    i.TFT_putc          tft.o
    0x080015a6   0x080015a6   0x00000014   Code   RO           88    i.TFT_puts          tft.o
    0x080015ba   0x080015ba   0x00000002   PAD
    0x080015bc   0x080015bc   0x000000f0   Code   RO           90    i.TFT_send_data     tft.o
    0x080016ac   0x080016ac   0x0000001e   Code   RO          100    i.TFT_terminal_on   tft.o
    0x080016ca   0x080016ca   0x00000048   Code   RO          107    i.TFT_touch_key_feedback  tft.o
    0x08001712   0x08001712   0x00000002   PAD
    0x08001714   0x08001714   0x00000024   Code   RO          407    i.TimingDelay_Decrement  ti_lib.o
    0x08001738   0x08001738   0x00000024   Code   RO         1571    i.USART1_Buffer_Init  usart.o
    0x0800175c   0x0800175c   0x0000009c   Code   RO         1573    i.USART1_IRQHandler  usart.o
    0x080017f8   0x080017f8   0x000000cc   Code   RO         1574    i.USART1_Init       usart.o
    0x080018c4   0x080018c4   0x00000054   Code   RO         1575    i.USART1_SendChar   usart.o
    0x08001918   0x08001918   0x000000a0   Code   RO          896    i.USART_Cmd         stm32f4xx_usart.o
    0x080019b8   0x080019b8   0x0000020c   Code   RO          903    i.USART_Init        stm32f4xx_usart.o
    0x08001bc4   0x08001bc4   0x000000a0   Code   RO          909    i.USART_OverSampling8Cmd  stm32f4xx_usart.o
    0x08001c64   0x08001c64   0x0000000e   Code   RO         2069    i._is_digit         c_w.l(__printf_wp.o)
    0x08001c72   0x08001c72   0x00000004   Code   RO         1509    i._sys_exit         retarget.o
    0x08001c76   0x08001c76   0x00000014   Code   RO         1510    i._ttywrch          retarget.o
    0x08001c8a   0x08001c8a   0x00000004   Code   RO            1    i.assert_failed     assert.o
    0x08001c8e   0x08001c8e   0x0000002e   Code   RO         1827    i.checkBits         temperatur.o
    0x08001cbc   0x08001cbc   0x0000002a   Code   RO         1828    i.createROM         temperatur.o
    0x08001ce6   0x08001ce6   0x00000002   PAD
    0x08001ce8   0x08001ce8   0x00000028   Code   RO         1829    i.createSensor      temperatur.o
    0x08001d10   0x08001d10   0x0000001a   Code   RO         1830    i.detectSensors     temperatur.o
    0x08001d2a   0x08001d2a   0x00000008   Code   RO         1511    i.ferror            retarget.o
    0x08001d32   0x08001d32   0x0000002a   Code   RO         1513    i.fputc             retarget.o
    0x08001d5c   0x08001d5c   0x00000008   Code   RO          375    i.getTimeStamp      timer.o
    0x08001d64   0x08001d64   0x00000064   Code   RO         1753    i.initHardwareController  hardwarecontroller.o
    0x08001dc8   0x08001dc8   0x00000050   Code   RO         1831    i.initROMList       temperatur.o
    0x08001e18   0x08001e18   0x00000074   Code   RO         1695    i.main              main.o
    0x08001e8c   0x08001e8c   0x00000068   Code   RO         1944    i.printSensors      output.o
    0x08001ef4   0x08001ef4   0x00000034   Code   RO         1882    i.readBit           hal.o
    0x08001f28   0x08001f28   0x0000001a   Code   RO         1754    i.readBus           hardwarecontroller.o
    0x08001f42   0x08001f42   0x00000002   PAD
    0x08001f44   0x08001f44   0x00000088   Code   RO         1883    i.readDuring        hal.o
    0x08001fcc   0x08001fcc   0x00000130   Code   RO         1832    i.readROM           temperatur.o
    0x080020fc   0x080020fc   0x00000038   Code   RO         1884    i.reset             hal.o
    0x08002134   0x08002134   0x00000028   Code   RO         1885    i.resetPIN          hal.o
    0x0800215c   0x0800215c   0x00000034   Code   RO         1756    i.sendCommand       hardwarecontroller.o
    0x08002190   0x08002190   0x0000000c   Code   RO         1757    i.setBusHigh        hardwarecontroller.o
    0x0800219c   0x0800219c   0x0000000c   Code   RO         1758    i.setBusLow         hardwarecontroller.o
    0x080021a8   0x080021a8   0x0000002c   Code   RO         1886    i.setMode           hal.o
    0x080021d4   0x080021d4   0x00000028   Code   RO          376    i.timerinit         timer.o
    0x080021fc   0x080021fc   0x0000003e   Code   RO         1887    i.wait              hal.o
    0x0800223a   0x0800223a   0x00000002   PAD
    0x0800223c   0x0800223c   0x0000002c   Code   RO         1888    i.write_0           hal.o
    0x08002268   0x08002268   0x0000002c   Code   RO         1889    i.write_1           hal.o
    0x08002294   0x08002294   0x0000000a   Code   RO         2225    x$fpl$fpinit        fz_wm.l(fpinit.o)
    0x0800229e   0x0800229e   0x00000028   Data   RO         2042    .constdata          c_w.l(_printf_hex_int.o)
    0x080022c6   0x080022c6   0x00000011   Data   RO         2072    .constdata          c_w.l(__printf_flags_wp.o)
    0x080022d7   0x080022d7   0x00000001   PAD
    0x080022d8   0x080022d8   0x00000020   Data   RO         2307    Region$$Table       anon$$obj.o


    Execution Region RW_IRAM1 (Exec base: 0x20000000, Load base: 0x080022f8, Size: 0x000092f8, Max: 0x00020000, ABSOLUTE)

    Exec Addr    Load Addr    Size         Type   Attr      Idx    E Section Name        Object

    0x20000000   0x080022f8   0x00000008   Data   RW          409    .data               ti_lib.o
    0x20000008   0x08002300   0x00000010   Data   RW         1127    .data               stm32f4xx_rcc.o
    0x20000018   0x08002310   0x00000014   Data   RW         1474    .data               system_stm32f4xx.o
    0x2000002c   0x08002324   0x00000008   Data   RW         1514    .data               retarget.o
    0x20000034   0x0800232c   0x00000004   Data   RW         1577    .data               usart.o
    0x20000038   0x08002330   0x0000000c   Data   RW         1834    .data               temperatur.o
    0x20000044        -       0x00000210   Zero   RW         1576    .bss                usart.o
    0x20000254        -       0x00000040   Zero   RW         1833    .bss                temperatur.o
    0x20000294        -       0x00000060   Zero   RW         2187    .bss                c_w.l(libspace.o)
    0x200002f4   0x0800233c   0x00000004   PAD
    0x200002f8        -       0x00008000   Zero   RW         1463    HEAP                startup_stm32f4xx.o
    0x200082f8        -       0x00001000   Zero   RW         1462    STACK               startup_stm32f4xx.o


==============================================================================

Image component sizes


      Code (inc. data)   RO Data    RW Data    ZI Data      Debug   Object Name

         4          0          0          0          0       5232   assert.o
       478         36          0          0          0       4083   hal.o
       202          6          0          0          0       3170   hardwarecontroller.o
       116         16          0          0          0       1735   main.o
       304         86          0          0          0     210667   misc.o
       104         28          0          0          0       1095   output.o
        74          0          0          8          0       3954   retarget.o
        80         32        392          0      36864        848   startup_stm32f4xx.o
         0          0          0          0          0      12828   stm32f4xx_dma.o
       836        156          0          0          0       8379   stm32f4xx_gpio.o
       472        118          0         16          0       3858   stm32f4xx_rcc.o
       844        198          0          0          0       8814   stm32f4xx_usart.o
       532         54          0         20          0       2457   system_stm32f4xx.o
       538         32          0         12         64       4895   temperatur.o
       504         10          0          0          0     212612   tft.o
       656         42          0          0          0      28292   ti_board_io.o
       102         12          0          8          0       2454   ti_lib.o
        48          4          0          0          0        915   timer.o
       480         52          0          4        528       5485   usart.o

    ----------------------------------------------------------------------
      6386        882        424         68      37456     521773   Object Totals
         0          0         32          0          0          0   (incl. Generated)
        12          0          0          0          0          0   (incl. Padding)

    ----------------------------------------------------------------------

      Code (inc. data)   RO Data    RW Data    ZI Data      Debug   Library Member Name

         8          0          0          0          0         68   __main.o
       312          4         17          0          0         92   __printf_flags_wp.o
        14          0          0          0          0         68   __printf_wp.o
         0          0          0          0          0          0   __rtentry.o
        12          0          0          0          0          0   __rtentry2.o
         6          0          0          0          0          0   __rtentry4.o
        52          8          0          0          0          0   __scatter.o
        26          0          0          0          0          0   __scatter_copy.o
        28          0          0          0          0          0   __scatter_zi.o
        48          6          0          0          0         96   _printf_char_common.o
        36          4          0          0          0         80   _printf_char_file.o
         6          0          0          0          0          0   _printf_d.o
       120         16          0          0          0         92   _printf_dec.o
        88          4         40          0          0         88   _printf_hex_int.o
       178          0          0          0          0         88   _printf_intcommon.o
         0          0          0          0          0          0   _printf_percent.o
         4          0          0          0          0          0   _printf_percent_end.o
         6          0          0          0          0          0   _printf_x.o
        16          0          0          0          0         68   _snputc.o
        10          0          0          0          0         68   _sputc.o
        10          0          0          0          0         68   defsig_exit.o
        50          0          0          0          0         88   defsig_general.o
        80         58          0          0          0         76   defsig_rtmem_inner.o
        14          0          0          0          0         80   defsig_rtmem_outer.o
        18          0          0          0          0         80   exit.o
        94          0          0          0          0         80   h1_alloc.o
        52          0          0          0          0         68   h1_extend.o
        78          0          0          0          0         80   h1_free.o
        14          0          0          0          0         84   h1_init.o
         6          0          0          0          0        152   heapauxi.o
         4          0          0          0          0        136   hguard.o
       138          0          0          0          0        168   init_alloc.o
         2          0          0          0          0          0   libinit.o
        14          0          0          0          0          0   libinit2.o
         2          0          0          0          0          0   libshutdown.o
         2          0          0          0          0          0   libshutdown2.o
         8          4          0          0         96         68   libspace.o
        38          0          0          0          0         68   llshl.o
       238          0          0          0          0        100   lludivv7m.o
         0          0          0          0          0          0   maybetermalloc1.o
        24          4          0          0          0         84   noretval__2printf.o
        52          4          0          0          0         84   noretval__2snprintf.o
         8          4          0          0          0         68   rt_heap_descriptor_intlibspace.o
         2          0          0          0          0          0   rtexit.o
        10          0          0          0          0          0   rtexit2.o
        62          0          0          0          0         76   strlen.o
        74          0          0          0          0         80   sys_stackheap_outer.o
        10          0          0          0          0        116   fpinit.o

    ----------------------------------------------------------------------
      2084        116         58          0        100       2712   Library Totals
        10          0          1          0          4          0   (incl. Padding)

    ----------------------------------------------------------------------

      Code (inc. data)   RO Data    RW Data    ZI Data      Debug   Library Name

      2064        116         57          0         96       2596   c_w.l
        10          0          0          0          0        116   fz_wm.l

    ----------------------------------------------------------------------
      2084        116         58          0        100       2712   Library Totals

    ----------------------------------------------------------------------

==============================================================================


      Code (inc. data)   RO Data    RW Data    ZI Data      Debug   

      8470        998        482         68      37556     517681   Grand Totals
      8470        998        482         68      37556     517681   ELF Image Totals
      8470        998        482         68          0          0   ROM Totals

==============================================================================

    Total RO  Size (Code + RO Data)                 8952 (   8.74kB)
    Total RW  Size (RW Data + ZI Data)             37624 (  36.74kB)
    Total ROM Size (Code + RO Data + RW Data)       9020 (   8.81kB)

==============================================================================

